Feb  8 07:37:50 fn-pound anacron[17314]: Job `cron.daily' terminated
Feb  8 07:37:50 fn-pound anacron[17314]: Normal exit (1 job run)
Feb  8 07:52:46 fn-pound kernel: [60005.997303] usb 3-3: USB disconnect, device number 2
Feb  8 07:52:46 fn-pound kernel: [60005.997309] usb 3-3.3: USB disconnect, device number 3
Feb  8 07:52:46 fn-pound kernel: [60005.997312] usb 3-3.3.4: USB disconnect, device number 5
Feb  8 07:52:46 fn-pound acpid: input device has been disconnected, fd 14
Feb  8 07:52:46 fn-pound acpid: input device has been disconnected, fd 6
Feb  8 07:52:46 fn-pound kernel: [60006.080369] usb 3-3.4: USB disconnect, device number 4
Feb  8 07:52:50 fn-pound vmnet-natd: RTM_NEWLINK: name:eth0 index:2 flags:0x00001003
Feb  8 07:52:50 fn-pound vmnetBridge: RTM_NEWLINK: name:eth0 index:2 flags:0x00001003
Feb  8 07:52:50 fn-pound vmnetBridge: RTM_NEWLINK: name:eth0 index:2 flags:0x00001003
Feb  8 07:52:50 fn-pound vmnetBridge: Removing interface eth0 index:2
Feb  8 07:49:16 fn-pound NetworkManager[913]: message repeated 57 times: [ <warn> nl_recvmsgs() error: (-33) Dump inconsistency detected, interrupted]
Feb  8 07:52:50 fn-pound NetworkManager[913]: <info> (eth0): carrier now OFF (device state 100, deferring action for 4 seconds)
Feb  8 07:52:50 fn-pound kernel: [60010.320750] e1000e: eth0 NIC Link is Down
Feb  8 07:52:50 fn-pound kernel: [60010.321020] bridge-eth0: disabling the bridge
Feb  8 07:52:50 fn-pound vmnetBridge: Stopped bridge eth0 to virtual network 0.
Feb  8 07:52:50 fn-pound kernel: [60010.328398] bridge-eth0: down
Feb  8 07:52:50 fn-pound kernel: [60010.328410] bridge-eth0: detached
Feb  8 07:52:51 fn-pound kernel: [60010.521234] userif-5: sent link down event.
Feb  8 07:52:51 fn-pound kernel: [60010.521239] userif-5: sent link up event.
Feb  8 07:52:55 fn-pound NetworkManager[913]: <info> (eth0): device state change: activated -> unavailable (reason 'carrier-changed') [100 20 40]
Feb  8 07:52:55 fn-pound NetworkManager[913]: <info> (eth0): deactivating device (reason 'carrier-changed') [40]
Feb  8 07:52:55 fn-pound NetworkManager[913]: <info> (eth0): canceled DHCP transaction, DHCP client pid 15345
Feb  8 07:52:55 fn-pound vmnet-natd: RTM_DELROUTE: index:2
Feb  8 07:52:55 fn-pound vmnetBridge: RTM_DELROUTE: index:2
Feb  8 07:52:55 fn-pound vmnetBridge: RTM_DELROUTE: index:2
Feb  8 07:52:55 fn-pound NetworkManager[913]: <info> Policy set 'URWP850 1' (wlan0) as default for IPv4 routing and DNS.
Feb  8 07:52:55 fn-pound vmnet-natd: RTM_DELADDR: index:2, addr:10.200.0.71
Feb  8 07:52:55 fn-pound vmnet-natd: RTM_NEWROUTE: index:3
Feb  8 07:52:55 fn-pound vmnetBridge: RTM_NEWROUTE: index:3
Feb  8 07:52:55 fn-pound vmnetBridge: RTM_NEWROUTE: index:3
Feb  8 07:52:55 fn-pound kernel: [60015.114697] IPv6: ADDRCONF(NETDEV_UP): eth0: link is not ready
Feb  8 07:52:55 fn-pound NetworkManager[913]: <info> Writing DNS information to /sbin/resolvconf
Feb  8 03:31:37 fn-pound dnsmasq[1943]: using nameserver 10.200.0.1#53
Feb  8 07:52:55 fn-pound dnsmasq[1943]: setting upstream servers from DBus
Feb  8 07:52:55 fn-pound dnsmasq[1943]: using nameserver 10.200.0.1#53
Feb  8 07:52:55 fn-pound dbus[540]: [system] Activating service name='org.freedesktop.nm_dispatcher' (using servicehelper)
Feb  8 07:52:55 fn-pound dbus[540]: [system] Successfully activated service 'org.freedesktop.nm_dispatcher'
Feb  8 07:52:55 fn-pound kernel: [60015.315245] userif-5: sent link down event.
Feb  8 07:52:55 fn-pound kernel: [60015.315250] userif-5: sent link up event.
Feb  8 07:57:16 fn-pound NetworkManager[913]: <warn> nl_recvmsgs() error: (-33) Dump inconsistency detected, interrupted
Feb  8 07:57:40 fn-pound kernel: [60300.021748] ACPI: \_SB_.PCI0: Bus check notify on hotplug_event_root
Feb  8 07:52:56 fn-pound whoopsie[1225]: message repeated 11 times: [ online]
Feb  8 07:59:12 fn-pound whoopsie[1225]: Parsing /var/crash/_opt_google_chrome_chrome.1000.crash.
Feb  8 07:59:12 fn-pound whoopsie[1225]: Uploading /var/crash/_opt_google_chrome_chrome.1000.crash.
Feb  8 07:59:15 fn-pound whoopsie[1225]: Sent; server replied with: No error
Feb  8 07:59:15 fn-pound whoopsie[1225]: Response code: 200
Feb  8 07:59:15 fn-pound whoopsie[1225]: Got command: OOPSID
Feb  8 07:59:38 fn-pound acpid: client 10741[0:0] has disconnected
Feb  8 08:17:01 fn-pound CRON[19502]: (root) CMD (   cd / && run-parts --report /etc/cron.hourly)
Feb  8 08:25:06 fn-pound wpa_supplicant[1206]: message repeated 28 times: [ wlan0: CTRL-EVENT-SCAN-STARTED ]
Feb  8 08:26:40 fn-pound wpa_supplicant[1206]: wlan0: WPA: Group rekeying completed with ec:1a:59:0b:a9:c8 [GTK=CCMP]
Feb  8 08:27:06 fn-pound wpa_supplicant[1206]: wlan0: CTRL-EVENT-SCAN-STARTED 
Feb  8 08:52:40 fn-pound kernel: [63600.821957] /dev/vmmon[20480]: PTSC: initialized at 2491908000 Hz using TSC, TSCs are synchronized.
Feb  8 08:52:41 fn-pound kernel: [63600.964187] /dev/vmmon[20480]: Monitor IPI vector: 0
Feb  8 08:52:41 fn-pound kernel: [63601.675121] /dev/vmnet: open called by PID 20494 (vmx-vcpu-0)
Feb  8 08:52:41 fn-pound kernel: [63601.675136] /dev/vmnet: port on hub 8 successfully opened
Feb  8 08:52:41 fn-pound kernel: [63601.675144] /dev/vmnet: open called by PID 20494 (vmx-vcpu-0)
Feb  8 08:52:41 fn-pound kernel: [63601.675149] /dev/vmnet: port on hub 8 successfully opened
Feb  8 08:53:15 fn-pound vmnet-dhcpd: DHCPDISCOVER from 00:0c:29:66:14:49 via vmnet8
Feb  8 08:53:16 fn-pound vmnet-dhcpd: DHCPOFFER on 192.168.104.131 to 00:0c:29:66:14:49 via vmnet8
Feb  8 08:53:18 fn-pound vmnet-dhcpd: DHCPREQUEST for 192.168.104.131 from 00:0c:29:66:14:49 via vmnet8
Feb  8 08:53:18 fn-pound vmnet-dhcpd: DHCPACK on 192.168.104.131 to 00:0c:29:66:14:49 via vmnet8
Feb  8 09:08:23 fn-pound vmnet-dhcpd: DHCPREQUEST for 192.168.104.131 from 00:0c:29:66:14:49 via vmnet8
Feb  8 09:08:23 fn-pound vmnet-dhcpd: DHCPACK on 192.168.104.131 to 00:0c:29:66:14:49 via vmnet8
Feb  8 09:17:01 fn-pound CRON[21730]: (root) CMD (   cd / && run-parts --report /etc/cron.hourly)
Feb  8 09:23:28 fn-pound dbus[540]: [system] Activating service name='org.freedesktop.systemd1' (using servicehelper)
Feb  8 09:23:28 fn-pound dbus[540]: [system] Successfully activated service 'org.freedesktop.systemd1'
Feb  8 07:37:47 fn-pound rsyslogd: [origin software="rsyslogd" swVersion="7.4.4" x-pid="627" x-info="http://www.rsyslog.com"] rsyslogd was HUPed
Feb  8 09:23:28 fn-pound rsyslogd: [origin software="rsyslogd" swVersion="7.4.4" x-pid="627" x-info="http://www.rsyslog.com"] exiting on signal 15.
Feb  8 15:11:07 fn-pound rsyslogd: [origin software="rsyslogd" swVersion="7.4.4" x-pid="837" x-info="http://www.rsyslog.com"] start
Feb  8 15:11:07 fn-pound rsyslogd: rsyslogd's groupid changed to 104
Feb  8 15:11:07 fn-pound rsyslogd: rsyslogd's userid changed to 101
Feb  8 15:11:07 fn-pound kernel: [    0.000000] Initializing cgroup subsys cpuset
Feb  8 15:11:07 fn-pound kernel: [    0.000000] Initializing cgroup subsys cpu
Feb  8 15:11:07 fn-pound kernel: [    0.000000] Initializing cgroup subsys cpuacct
Feb  8 15:11:07 fn-pound kernel: [    0.000000] Linux version 3.13.0-45-generic (buildd@phianna) (gcc version 4.8.2 (Ubuntu 4.8.2-19ubuntu1) ) #74-Ubuntu SMP Tue Jan 13 19:36:28 UTC 2015 (Ubuntu 3.13.0-45.74-generic 3.13.11-ckt13)
Feb  8 15:11:07 fn-pound kernel: [    0.000000] Command line: BOOT_IMAGE=/vmlinuz-3.13.0-45-generic root=/dev/mapper/xubuntu--vg-root ro quiet splash vt.handoff=7
Feb  8 15:11:07 fn-pound kernel: [    0.000000] KERNEL supported cpus:
Feb  8 15:11:07 fn-pound kernel: [    0.000000]   Intel GenuineIntel
Feb  8 15:11:07 fn-pound kernel: [    0.000000]   AMD AuthenticAMD
Feb  8 15:11:07 fn-pound kernel: [    0.000000]   Centaur CentaurHauls
Feb  8 15:11:07 fn-pound kernel: [    0.000000] e820: BIOS-provided physical RAM map:
Feb  8 15:11:07 fn-pound kernel: [    0.000000] BIOS-e820: [mem 0x0000000000000000-0x00000000000917ff] usable
Feb  8 15:11:07 fn-pound kernel: [    0.000000] BIOS-e820: [mem 0x0000000000091800-0x000000000009ffff] reserved
Feb  8 15:11:07 fn-pound kernel: [    0.000000] BIOS-e820: [mem 0x00000000000e0000-0x00000000000fffff] reserved
Feb  8 15:11:07 fn-pound kernel: [    0.000000] BIOS-e820: [mem 0x0000000000100000-0x000000001fffffff] usable
Feb  8 15:11:07 fn-pound kernel: [    0.000000] BIOS-e820: [mem 0x0000000020000000-0x00000000201fffff] reserved
Feb  8 15:11:07 fn-pound kernel: [    0.000000] BIOS-e820: [mem 0x0000000020200000-0x0000000040003fff] usable
Feb  8 15:11:07 fn-pound kernel: [    0.000000] BIOS-e820: [mem 0x0000000040004000-0x0000000040004fff] reserved
Feb  8 15:11:07 fn-pound kernel: [    0.000000] BIOS-e820: [mem 0x0000000040005000-0x00000000d7f09fff] usable
Feb  8 15:11:07 fn-pound kernel: [    0.000000] BIOS-e820: [mem 0x00000000d7f0a000-0x00000000d7ffffff] reserved
Feb  8 15:11:07 fn-pound kernel: [    0.000000] BIOS-e820: [mem 0x00000000d8000000-0x00000000d8752fff] usable
Feb  8 15:11:07 fn-pound kernel: [    0.000000] BIOS-e820: [mem 0x00000000d8753000-0x00000000d87fffff] reserved
Feb  8 15:11:07 fn-pound kernel: [    0.000000] BIOS-e820: [mem 0x00000000d8800000-0x00000000d8fb2fff] usable
Feb  8 15:11:07 fn-pound kernel: [    0.000000] BIOS-e820: [mem 0x00000000d8fb3000-0x00000000d8ffffff] ACPI data
Feb  8 15:11:07 fn-pound kernel: [    0.000000] BIOS-e820: [mem 0x00000000d9000000-0x00000000da6fcfff] usable
Feb  8 15:11:07 fn-pound kernel: [    0.000000] BIOS-e820: [mem 0x00000000da6fd000-0x00000000da7fffff] ACPI NVS
Feb  8 15:11:07 fn-pound kernel: [    0.000000] BIOS-e820: [mem 0x00000000da800000-0x00000000db431fff] usable
Feb  8 15:11:07 fn-pound kernel: [    0.000000] BIOS-e820: [mem 0x00000000db432000-0x00000000dc04cfff] reserved
Feb  8 15:11:07 fn-pound kernel: [    0.000000] BIOS-e820: [mem 0x00000000dc04d000-0x00000000dc08ffff] ACPI NVS
Feb  8 15:11:07 fn-pound kernel: [    0.000000] BIOS-e820: [mem 0x00000000dc090000-0x00000000dcad7fff] usable
Feb  8 15:11:07 fn-pound kernel: [    0.000000] BIOS-e820: [mem 0x00000000dcad8000-0x00000000dcfeffff] reserved
Feb  8 15:11:07 fn-pound kernel: [    0.000000] BIOS-e820: [mem 0x00000000dcff0000-0x00000000dcffffff] usable
Feb  8 15:11:07 fn-pound kernel: [    0.000000] BIOS-e820: [mem 0x00000000dd800000-0x00000000df9fffff] reserved
Feb  8 15:11:07 fn-pound kernel: [    0.000000] BIOS-e820: [mem 0x00000000f8000000-0x00000000fbffffff] reserved
Feb  8 15:11:07 fn-pound kernel: [    0.000000] BIOS-e820: [mem 0x00000000fec00000-0x00000000fec00fff] reserved
Feb  8 15:11:07 fn-pound kernel: [    0.000000] BIOS-e820: [mem 0x00000000fed00000-0x00000000fed03fff] reserved
Feb  8 15:11:07 fn-pound kernel: [    0.000000] BIOS-e820: [mem 0x00000000fed1c000-0x00000000fed1ffff] reserved
Feb  8 15:11:07 fn-pound kernel: [    0.000000] BIOS-e820: [mem 0x00000000fee00000-0x00000000fee00fff] reserved
Feb  8 15:11:07 fn-pound kernel: [    0.000000] BIOS-e820: [mem 0x00000000ff000000-0x00000000ffffffff] reserved
Feb  8 15:11:07 fn-pound kernel: [    0.000000] BIOS-e820: [mem 0x0000000100000000-0x000000041e5fffff] usable
Feb  8 15:11:07 fn-pound kernel: [    0.000000] NX (Execute Disable) protection: active
Feb  8 15:11:07 fn-pound kernel: [    0.000000] SMBIOS 2.7 present.
Feb  8 15:11:07 fn-pound kernel: [    0.000000] DMI: Dell Inc. Latitude 6430U/0V4GYG, BIOS A07 01/13/2014
Feb  8 15:11:07 fn-pound kernel: [    0.000000] e820: update [mem 0x00000000-0x00000fff] usable ==> reserved
Feb  8 15:11:07 fn-pound kernel: [    0.000000] e820: remove [mem 0x000a0000-0x000fffff] usable
Feb  8 15:11:07 fn-pound kernel: [    0.000000] No AGP bridge found
Feb  8 15:11:07 fn-pound kernel: [    0.000000] e820: last_pfn = 0x41e600 max_arch_pfn = 0x400000000
Feb  8 15:11:07 fn-pound kernel: [    0.000000] MTRR default type: uncachable
Feb  8 15:11:07 fn-pound kernel: [    0.000000] MTRR fixed ranges enabled:
Feb  8 15:11:07 fn-pound kernel: [    0.000000]   00000-9FFFF write-back
Feb  8 15:11:07 fn-pound kernel: [    0.000000]   A0000-BFFFF uncachable
Feb  8 15:11:07 fn-pound kernel: [    0.000000]   C0000-DBFFF write-protect
Feb  8 15:11:07 fn-pound kernel: [    0.000000]   DC000-E7FFF uncachable
Feb  8 15:11:07 fn-pound kernel: [    0.000000]   E8000-FFFFF write-protect
Feb  8 15:11:07 fn-pound kernel: [    0.000000] MTRR variable ranges enabled:
Feb  8 15:11:07 fn-pound kernel: [    0.000000]   0 base 000000000 mask C00000000 write-back
Feb  8 15:11:07 fn-pound kernel: [    0.000000]   1 base 400000000 mask FE0000000 write-back
Feb  8 15:11:07 fn-pound kernel: [    0.000000]   2 base 0E0000000 mask FE0000000 uncachable
Feb  8 15:11:07 fn-pound kernel: [    0.000000]   3 base 0DE000000 mask FFE000000 uncachable
Feb  8 15:11:07 fn-pound kernel: [    0.000000]   4 base 0DD800000 mask FFF800000 uncachable
Feb  8 15:11:07 fn-pound kernel: [    0.000000]   5 base 41F000000 mask FFF000000 uncachable
Feb  8 15:11:07 fn-pound kernel: [    0.000000]   6 base 41E800000 mask FFF800000 uncachable
Feb  8 15:11:07 fn-pound kernel: [    0.000000]   7 base 41E600000 mask FFFE00000 uncachable
Feb  8 15:11:07 fn-pound kernel: [    0.000000]   8 disabled
Feb  8 15:11:07 fn-pound kernel: [    0.000000]   9 disabled
Feb  8 15:11:07 fn-pound kernel: [    0.000000] x86 PAT enabled: cpu 0, old 0x7040600070406, new 0x7010600070106
Feb  8 15:11:07 fn-pound kernel: [    0.000000] original variable MTRRs
Feb  8 15:11:07 fn-pound kernel: [    0.000000] reg 0, base: 0GB, range: 16GB, type WB
Feb  8 15:11:07 fn-pound kernel: [    0.000000] reg 1, base: 16GB, range: 512MB, type WB
Feb  8 15:11:07 fn-pound kernel: [    0.000000] reg 2, base: 3584MB, range: 512MB, type UC
Feb  8 15:11:07 fn-pound kernel: [    0.000000] reg 3, base: 3552MB, range: 32MB, type UC
Feb  8 15:11:07 fn-pound kernel: [    0.000000] reg 4, base: 3544MB, range: 8MB, type UC
Feb  8 15:11:07 fn-pound kernel: [    0.000000] reg 5, base: 16880MB, range: 16MB, type UC
Feb  8 15:11:07 fn-pound kernel: [    0.000000] reg 6, base: 16872MB, range: 8MB, type UC
Feb  8 15:11:07 fn-pound kernel: [    0.000000] reg 7, base: 16870MB, range: 2MB, type UC
Feb  8 15:11:07 fn-pound kernel: [    0.000000] total RAM covered: 16318M
Feb  8 15:11:07 fn-pound kernel: [    0.000000]  gran_size: 64K 	chunk_size: 64K 	num_reg: 10  	lose cover RAM: 230M
Feb  8 15:11:07 fn-pound kernel: [    0.000000]  gran_size: 64K 	chunk_size: 128K 	num_reg: 10  	lose cover RAM: 230M
Feb  8 15:11:07 fn-pound kernel: [    0.000000]  gran_size: 64K 	chunk_size: 256K 	num_reg: 10  	lose cover RAM: 230M
Feb  8 15:11:07 fn-pound kernel: [    0.000000]  gran_size: 64K 	chunk_size: 512K 	num_reg: 10  	lose cover RAM: 230M
Feb  8 15:11:07 fn-pound kernel: [    0.000000]  gran_size: 64K 	chunk_size: 1M 	num_reg: 10  	lose cover RAM: 230M
Feb  8 15:11:07 fn-pound kernel: [    0.000000]  gran_size: 64K 	chunk_size: 2M 	num_reg: 10  	lose cover RAM: 230M
Feb  8 15:11:07 fn-pound kernel: [    0.000000]  gran_size: 64K 	chunk_size: 4M 	num_reg: 10  	lose cover RAM: 230M
Feb  8 15:11:07 fn-pound kernel: [    0.000000]  gran_size: 64K 	chunk_size: 8M 	num_reg: 10  	lose cover RAM: 230M
Feb  8 15:11:07 fn-pound kernel: [    0.000000]  gran_size: 64K 	chunk_size: 16M 	num_reg: 10  	lose cover RAM: 230M
Feb  8 15:11:07 fn-pound kernel: [    0.000000] *BAD*gran_size: 64K 	chunk_size: 32M 	num_reg: 10  	lose cover RAM: -26M
Feb  8 15:11:07 fn-pound kernel: [    0.000000] *BAD*gran_size: 64K 	chunk_size: 64M 	num_reg: 10  	lose cover RAM: -16M
Feb  8 15:11:07 fn-pound kernel: [    0.000000] *BAD*gran_size: 64K 	chunk_size: 128M 	num_reg: 10  	lose cover RAM: -16M
Feb  8 15:11:07 fn-pound kernel: [    0.000000] *BAD*gran_size: 64K 	chunk_size: 256M 	num_reg: 10  	lose cover RAM: -16M
Feb  8 15:11:07 fn-pound kernel: [    0.000000] *BAD*gran_size: 64K 	chunk_size: 512M 	num_reg: 10  	lose cover RAM: -16M
Feb  8 15:11:07 fn-pound kernel: [    0.000000] *BAD*gran_size: 64K 	chunk_size: 1G 	num_reg: 10  	lose cover RAM: -512M
Feb  8 15:11:07 fn-pound kernel: [    0.000000] *BAD*gran_size: 64K 	chunk_size: 2G 	num_reg: 10  	lose cover RAM: -1536M
Feb  8 15:11:07 fn-pound kernel: [    0.000000]  gran_size: 128K 	chunk_size: 128K 	num_reg: 10  	lose cover RAM: 230M
Feb  8 15:11:07 fn-pound kernel: [    0.000000]  gran_size: 128K 	chunk_size: 256K 	num_reg: 10  	lose cover RAM: 230M
Feb  8 15:11:07 fn-pound kernel: [    0.000000]  gran_size: 128K 	chunk_size: 512K 	num_reg: 10  	lose cover RAM: 230M
Feb  8 15:11:07 fn-pound kernel: [    0.000000]  gran_size: 128K 	chunk_size: 1M 	num_reg: 10  	lose cover RAM: 230M
Feb  8 15:11:07 fn-pound kernel: [    0.000000]  gran_size: 128K 	chunk_size: 2M 	num_reg: 10  	lose cover RAM: 230M
Feb  8 15:11:07 fn-pound kernel: [    0.000000]  gran_size: 128K 	chunk_size: 4M 	num_reg: 10  	lose cover RAM: 230M
Feb  8 15:11:07 fn-pound kernel: [    0.000000]  gran_size: 128K 	chunk_size: 8M 	num_reg: 10  	lose cover RAM: 230M
Feb  8 15:11:07 fn-pound kernel: [    0.000000]  gran_size: 128K 	chunk_size: 16M 	num_reg: 10  	lose cover RAM: 230M
Feb  8 15:11:07 fn-pound kernel: [    0.000000] *BAD*gran_size: 128K 	chunk_size: 32M 	num_reg: 10  	lose cover RAM: -26M
Feb  8 15:11:07 fn-pound kernel: [    0.000000] *BAD*gran_size: 128K 	chunk_size: 64M 	num_reg: 10  	lose cover RAM: -16M
Feb  8 15:11:07 fn-pound kernel: [    0.000000] *BAD*gran_size: 128K 	chunk_size: 128M 	num_reg: 10  	lose cover RAM: -16M
Feb  8 15:11:07 fn-pound kernel: [    0.000000] *BAD*gran_size: 128K 	chunk_size: 256M 	num_reg: 10  	lose cover RAM: -16M
Feb  8 15:11:07 fn-pound kernel: [    0.000000] *BAD*gran_size: 128K 	chunk_size: 512M 	num_reg: 10  	lose cover RAM: -16M
Feb  8 15:11:07 fn-pound kernel: [    0.000000] *BAD*gran_size: 128K 	chunk_size: 1G 	num_reg: 10  	lose cover RAM: -512M
Feb  8 15:11:07 fn-pound kernel: [    0.000000] *BAD*gran_size: 128K 	chunk_size: 2G 	num_reg: 10  	lose cover RAM: -1536M
Feb  8 15:11:07 fn-pound kernel: [    0.000000]  gran_size: 256K 	chunk_size: 256K 	num_reg: 10  	lose cover RAM: 230M
Feb  8 15:11:07 fn-pound kernel: [    0.000000]  gran_size: 256K 	chunk_size: 512K 	num_reg: 10  	lose cover RAM: 230M
Feb  8 15:11:07 fn-pound kernel: [    0.000000]  gran_size: 256K 	chunk_size: 1M 	num_reg: 10  	lose cover RAM: 230M
Feb  8 15:11:07 fn-pound kernel: [    0.000000]  gran_size: 256K 	chunk_size: 2M 	num_reg: 10  	lose cover RAM: 230M
Feb  8 15:11:07 fn-pound kernel: [    0.000000]  gran_size: 256K 	chunk_size: 4M 	num_reg: 10  	lose cover RAM: 230M
Feb  8 15:11:07 fn-pound kernel: [    0.000000]  gran_size: 256K 	chunk_size: 8M 	num_reg: 10  	lose cover RAM: 230M
Feb  8 15:11:07 fn-pound kernel: [    0.000000]  gran_size: 256K 	chunk_size: 16M 	num_reg: 10  	lose cover RAM: 230M
Feb  8 15:11:07 fn-pound kernel: [    0.000000] *BAD*gran_size: 256K 	chunk_size: 32M 	num_reg: 10  	lose cover RAM: -26M
Feb  8 15:11:07 fn-pound kernel: [    0.000000] *BAD*gran_size: 256K 	chunk_size: 64M 	num_reg: 10  	lose cover RAM: -16M
Feb  8 15:11:07 fn-pound kernel: [    0.000000] *BAD*gran_size: 256K 	chunk_size: 128M 	num_reg: 10  	lose cover RAM: -16M
Feb  8 15:11:07 fn-pound kernel: [    0.000000] *BAD*gran_size: 256K 	chunk_size: 256M 	num_reg: 10  	lose cover RAM: -16M
Feb  8 15:11:07 fn-pound kernel: [    0.000000] *BAD*gran_size: 256K 	chunk_size: 512M 	num_reg: 10  	lose cover RAM: -16M
Feb  8 15:11:07 fn-pound kernel: [    0.000000] *BAD*gran_size: 256K 	chunk_size: 1G 	num_reg: 10  	lose cover RAM: -512M
Feb  8 15:11:07 fn-pound kernel: [    0.000000] *BAD*gran_size: 256K 	chunk_size: 2G 	num_reg: 10  	lose cover RAM: -1536M
Feb  8 15:11:07 fn-pound kernel: [    0.000000]  gran_size: 512K 	chunk_size: 512K 	num_reg: 10  	lose cover RAM: 230M
Feb  8 15:11:07 fn-pound kernel: [    0.000000]  gran_size: 512K 	chunk_size: 1M 	num_reg: 10  	lose cover RAM: 230M
Feb  8 15:11:07 fn-pound kernel: [    0.000000]  gran_size: 512K 	chunk_size: 2M 	num_reg: 10  	lose cover RAM: 230M
Feb  8 15:11:07 fn-pound kernel: [    0.000000]  gran_size: 512K 	chunk_size: 4M 	num_reg: 10  	lose cover RAM: 230M
Feb  8 15:11:07 fn-pound kernel: [    0.000000]  gran_size: 512K 	chunk_size: 8M 	num_reg: 10  	lose cover RAM: 230M
Feb  8 15:11:07 fn-pound kernel: [    0.000000]  gran_size: 512K 	chunk_size: 16M 	num_reg: 10  	lose cover RAM: 230M
Feb  8 15:11:07 fn-pound kernel: [    0.000000] *BAD*gran_size: 512K 	chunk_size: 32M 	num_reg: 10  	lose cover RAM: -26M
Feb  8 15:11:07 fn-pound kernel: [    0.000000] *BAD*gran_size: 512K 	chunk_size: 64M 	num_reg: 10  	lose cover RAM: -16M
Feb  8 15:11:07 fn-pound kernel: [    0.000000] *BAD*gran_size: 512K 	chunk_size: 128M 	num_reg: 10  	lose cover RAM: -16M
Feb  8 15:11:07 fn-pound kernel: [    0.000000] *BAD*gran_size: 512K 	chunk_size: 256M 	num_reg: 10  	lose cover RAM: -16M
Feb  8 15:11:07 fn-pound kernel: [    0.000000] *BAD*gran_size: 512K 	chunk_size: 512M 	num_reg: 10  	lose cover RAM: -16M
Feb  8 15:11:07 fn-pound kernel: [    0.000000] *BAD*gran_size: 512K 	chunk_size: 1G 	num_reg: 10  	lose cover RAM: -512M
Feb  8 15:11:07 fn-pound kernel: [    0.000000] *BAD*gran_size: 512K 	chunk_size: 2G 	num_reg: 10  	lose cover RAM: -1536M
Feb  8 15:11:07 fn-pound kernel: [    0.000000]  gran_size: 1M 	chunk_size: 1M 	num_reg: 10  	lose cover RAM: 230M
Feb  8 15:11:07 fn-pound kernel: [    0.000000]  gran_size: 1M 	chunk_size: 2M 	num_reg: 10  	lose cover RAM: 230M
Feb  8 15:11:07 fn-pound kernel: [    0.000000]  gran_size: 1M 	chunk_size: 4M 	num_reg: 10  	lose cover RAM: 230M
Feb  8 15:11:07 fn-pound kernel: [    0.000000]  gran_size: 1M 	chunk_size: 8M 	num_reg: 10  	lose cover RAM: 230M
Feb  8 15:11:07 fn-pound kernel: [    0.000000]  gran_size: 1M 	chunk_size: 16M 	num_reg: 10  	lose cover RAM: 230M
Feb  8 15:11:07 fn-pound kernel: [    0.000000] *BAD*gran_size: 1M 	chunk_size: 32M 	num_reg: 10  	lose cover RAM: -26M
Feb  8 15:11:07 fn-pound kernel: [    0.000000] *BAD*gran_size: 1M 	chunk_size: 64M 	num_reg: 10  	lose cover RAM: -16M
Feb  8 15:11:07 fn-pound kernel: [    0.000000] *BAD*gran_size: 1M 	chunk_size: 128M 	num_reg: 10  	lose cover RAM: -16M
Feb  8 15:11:07 fn-pound kernel: [    0.000000] *BAD*gran_size: 1M 	chunk_size: 256M 	num_reg: 10  	lose cover RAM: -16M
Feb  8 15:11:07 fn-pound kernel: [    0.000000] *BAD*gran_size: 1M 	chunk_size: 512M 	num_reg: 10  	lose cover RAM: -16M
Feb  8 15:11:07 fn-pound kernel: [    0.000000] *BAD*gran_size: 1M 	chunk_size: 1G 	num_reg: 10  	lose cover RAM: -512M
Feb  8 15:11:07 fn-pound kernel: [    0.000000] *BAD*gran_size: 1M 	chunk_size: 2G 	num_reg: 10  	lose cover RAM: -1536M
Feb  8 15:11:07 fn-pound kernel: [    0.000000]  gran_size: 2M 	chunk_size: 2M 	num_reg: 10  	lose cover RAM: 230M
Feb  8 15:11:07 fn-pound kernel: [    0.000000]  gran_size: 2M 	chunk_size: 4M 	num_reg: 10  	lose cover RAM: 230M
Feb  8 15:11:07 fn-pound kernel: [    0.000000]  gran_size: 2M 	chunk_size: 8M 	num_reg: 10  	lose cover RAM: 230M
Feb  8 15:11:07 fn-pound kernel: [    0.000000]  gran_size: 2M 	chunk_size: 16M 	num_reg: 10  	lose cover RAM: 230M
Feb  8 15:11:07 fn-pound kernel: [    0.000000] *BAD*gran_size: 2M 	chunk_size: 32M 	num_reg: 10  	lose cover RAM: -26M
Feb  8 15:11:07 fn-pound kernel: [    0.000000] *BAD*gran_size: 2M 	chunk_size: 64M 	num_reg: 10  	lose cover RAM: -16M
Feb  8 15:11:07 fn-pound kernel: [    0.000000] *BAD*gran_size: 2M 	chunk_size: 128M 	num_reg: 10  	lose cover RAM: -16M
Feb  8 15:11:07 fn-pound kernel: [    0.000000] *BAD*gran_size: 2M 	chunk_size: 256M 	num_reg: 10  	lose cover RAM: -16M
Feb  8 15:11:07 fn-pound kernel: [    0.000000] *BAD*gran_size: 2M 	chunk_size: 512M 	num_reg: 10  	lose cover RAM: -16M
Feb  8 15:11:07 fn-pound kernel: [    0.000000] *BAD*gran_size: 2M 	chunk_size: 1G 	num_reg: 10  	lose cover RAM: -512M
Feb  8 15:11:07 fn-pound kernel: [    0.000000] *BAD*gran_size: 2M 	chunk_size: 2G 	num_reg: 10  	lose cover RAM: -1536M
Feb  8 15:11:07 fn-pound kernel: [    0.000000]  gran_size: 4M 	chunk_size: 4M 	num_reg: 10  	lose cover RAM: 230M
Feb  8 15:11:07 fn-pound kernel: [    0.000000]  gran_size: 4M 	chunk_size: 8M 	num_reg: 10  	lose cover RAM: 230M
Feb  8 15:11:07 fn-pound kernel: [    0.000000]  gran_size: 4M 	chunk_size: 16M 	num_reg: 10  	lose cover RAM: 230M
Feb  8 15:11:07 fn-pound kernel: [    0.000000] *BAD*gran_size: 4M 	chunk_size: 32M 	num_reg: 10  	lose cover RAM: -26M
Feb  8 15:11:07 fn-pound kernel: [    0.000000] *BAD*gran_size: 4M 	chunk_size: 64M 	num_reg: 10  	lose cover RAM: -14M
Feb  8 15:11:07 fn-pound kernel: [    0.000000] *BAD*gran_size: 4M 	chunk_size: 128M 	num_reg: 10  	lose cover RAM: -14M
Feb  8 15:11:07 fn-pound kernel: [    0.000000] *BAD*gran_size: 4M 	chunk_size: 256M 	num_reg: 10  	lose cover RAM: -14M
Feb  8 15:11:07 fn-pound kernel: [    0.000000] *BAD*gran_size: 4M 	chunk_size: 512M 	num_reg: 10  	lose cover RAM: -14M
Feb  8 15:11:07 fn-pound kernel: [    0.000000] *BAD*gran_size: 4M 	chunk_size: 1G 	num_reg: 10  	lose cover RAM: -510M
Feb  8 15:11:07 fn-pound kernel: [    0.000000] *BAD*gran_size: 4M 	chunk_size: 2G 	num_reg: 10  	lose cover RAM: -1534M
Feb  8 15:11:07 fn-pound kernel: [    0.000000]  gran_size: 8M 	chunk_size: 8M 	num_reg: 10  	lose cover RAM: 230M
Feb  8 15:11:07 fn-pound kernel: [    0.000000]  gran_size: 8M 	chunk_size: 16M 	num_reg: 10  	lose cover RAM: 230M
Feb  8 15:11:07 fn-pound kernel: [    0.000000]  gran_size: 8M 	chunk_size: 32M 	num_reg: 10  	lose cover RAM: 230M
Feb  8 15:11:07 fn-pound kernel: [    0.000000]  gran_size: 8M 	chunk_size: 64M 	num_reg: 9  	lose cover RAM: 6M
Feb  8 15:11:07 fn-pound kernel: [    0.000000]  gran_size: 8M 	chunk_size: 128M 	num_reg: 9  	lose cover RAM: 6M
Feb  8 15:11:07 fn-pound kernel: [    0.000000]  gran_size: 8M 	chunk_size: 256M 	num_reg: 9  	lose cover RAM: 6M
Feb  8 15:11:07 fn-pound kernel: [    0.000000]  gran_size: 8M 	chunk_size: 512M 	num_reg: 9  	lose cover RAM: 6M
Feb  8 15:11:07 fn-pound kernel: [    0.000000]  gran_size: 8M 	chunk_size: 1G 	num_reg: 9  	lose cover RAM: 6M
Feb  8 15:11:07 fn-pound kernel: [    0.000000]  gran_size: 8M 	chunk_size: 2G 	num_reg: 10  	lose cover RAM: 6M
Feb  8 15:11:07 fn-pound kernel: [    0.000000]  gran_size: 16M 	chunk_size: 16M 	num_reg: 10  	lose cover RAM: 110M
Feb  8 15:11:07 fn-pound kernel: [    0.000000]  gran_size: 16M 	chunk_size: 32M 	num_reg: 10  	lose cover RAM: 238M
Feb  8 15:11:07 fn-pound kernel: [    0.000000]  gran_size: 16M 	chunk_size: 64M 	num_reg: 9  	lose cover RAM: 14M
Feb  8 15:11:07 fn-pound kernel: [    0.000000]  gran_size: 16M 	chunk_size: 128M 	num_reg: 9  	lose cover RAM: 14M
Feb  8 15:11:07 fn-pound kernel: [    0.000000]  gran_size: 16M 	chunk_size: 256M 	num_reg: 9  	lose cover RAM: 14M
Feb  8 15:11:07 fn-pound kernel: [    0.000000]  gran_size: 16M 	chunk_size: 512M 	num_reg: 9  	lose cover RAM: 14M
Feb  8 15:11:07 fn-pound kernel: [    0.000000]  gran_size: 16M 	chunk_size: 1G 	num_reg: 9  	lose cover RAM: 14M
Feb  8 15:11:07 fn-pound kernel: [    0.000000]  gran_size: 16M 	chunk_size: 2G 	num_reg: 10  	lose cover RAM: 14M
Feb  8 15:11:07 fn-pound kernel: [    0.000000]  gran_size: 32M 	chunk_size: 32M 	num_reg: 10  	lose cover RAM: 62M
Feb  8 15:11:07 fn-pound kernel: [    0.000000]  gran_size: 32M 	chunk_size: 64M 	num_reg: 9  	lose cover RAM: 30M
Feb  8 15:11:07 fn-pound kernel: [    0.000000]  gran_size: 32M 	chunk_size: 128M 	num_reg: 8  	lose cover RAM: 30M
Feb  8 15:11:07 fn-pound kernel: [    0.000000]  gran_size: 32M 	chunk_size: 256M 	num_reg: 8  	lose cover RAM: 30M
Feb  8 15:11:07 fn-pound kernel: [    0.000000]  gran_size: 32M 	chunk_size: 512M 	num_reg: 8  	lose cover RAM: 30M
Feb  8 15:11:07 fn-pound kernel: [    0.000000]  gran_size: 32M 	chunk_size: 1G 	num_reg: 8  	lose cover RAM: 30M
Feb  8 15:11:07 fn-pound kernel: [    0.000000]  gran_size: 32M 	chunk_size: 2G 	num_reg: 9  	lose cover RAM: 30M
Feb  8 15:11:07 fn-pound kernel: [    0.000000]  gran_size: 64M 	chunk_size: 64M 	num_reg: 10  	lose cover RAM: 62M
Feb  8 15:11:07 fn-pound kernel: [    0.000000]  gran_size: 64M 	chunk_size: 128M 	num_reg: 8  	lose cover RAM: 62M
Feb  8 15:11:07 fn-pound kernel: [    0.000000]  gran_size: 64M 	chunk_size: 256M 	num_reg: 8  	lose cover RAM: 62M
Feb  8 15:11:07 fn-pound kernel: [    0.000000]  gran_size: 64M 	chunk_size: 512M 	num_reg: 8  	lose cover RAM: 62M
Feb  8 15:11:07 fn-pound kernel: [    0.000000]  gran_size: 64M 	chunk_size: 1G 	num_reg: 8  	lose cover RAM: 62M
Feb  8 15:11:07 fn-pound kernel: [    0.000000]  gran_size: 64M 	chunk_size: 2G 	num_reg: 9  	lose cover RAM: 62M
Feb  8 15:11:07 fn-pound kernel: [    0.000000]  gran_size: 128M 	chunk_size: 128M 	num_reg: 8  	lose cover RAM: 190M
Feb  8 15:11:07 fn-pound kernel: [    0.000000]  gran_size: 128M 	chunk_size: 256M 	num_reg: 8  	lose cover RAM: 190M
Feb  8 15:11:07 fn-pound kernel: [    0.000000]  gran_size: 128M 	chunk_size: 512M 	num_reg: 8  	lose cover RAM: 190M
Feb  8 15:11:07 fn-pound kernel: [    0.000000]  gran_size: 128M 	chunk_size: 1G 	num_reg: 8  	lose cover RAM: 190M
Feb  8 15:11:07 fn-pound kernel: [    0.000000]  gran_size: 128M 	chunk_size: 2G 	num_reg: 9  	lose cover RAM: 190M
Feb  8 15:11:07 fn-pound kernel: [    0.000000]  gran_size: 256M 	chunk_size: 256M 	num_reg: 6  	lose cover RAM: 446M
Feb  8 15:11:07 fn-pound kernel: [    0.000000]  gran_size: 256M 	chunk_size: 512M 	num_reg: 8  	lose cover RAM: 446M
Feb  8 15:11:07 fn-pound kernel: [    0.000000]  gran_size: 256M 	chunk_size: 1G 	num_reg: 8  	lose cover RAM: 446M
Feb  8 15:11:07 fn-pound kernel: [    0.000000]  gran_size: 256M 	chunk_size: 2G 	num_reg: 9  	lose cover RAM: 446M
Feb  8 15:11:07 fn-pound kernel: [    0.000000]  gran_size: 512M 	chunk_size: 512M 	num_reg: 4  	lose cover RAM: 958M
Feb  8 15:11:07 fn-pound kernel: [    0.000000]  gran_size: 512M 	chunk_size: 1G 	num_reg: 4  	lose cover RAM: 958M
Feb  8 15:11:07 fn-pound kernel: [    0.000000]  gran_size: 512M 	chunk_size: 2G 	num_reg: 4  	lose cover RAM: 958M
Feb  8 15:11:07 fn-pound kernel: [    0.000000]  gran_size: 1G 	chunk_size: 1G 	num_reg: 4  	lose cover RAM: 958M
Feb  8 15:11:07 fn-pound kernel: [    0.000000]  gran_size: 1G 	chunk_size: 2G 	num_reg: 4  	lose cover RAM: 958M
Feb  8 15:11:07 fn-pound kernel: [    0.000000]  gran_size: 2G 	chunk_size: 2G 	num_reg: 3  	lose cover RAM: 1982M
Feb  8 15:11:07 fn-pound kernel: [    0.000000] mtrr_cleanup: can not find optimal value
Feb  8 15:11:07 fn-pound kernel: [    0.000000] please specify mtrr_gran_size/mtrr_chunk_size
Feb  8 15:11:07 fn-pound kernel: [    0.000000] e820: update [mem 0xdd800000-0xffffffff] usable ==> reserved
Feb  8 15:11:07 fn-pound kernel: [    0.000000] e820: last_pfn = 0xdd000 max_arch_pfn = 0x400000000
Feb  8 15:11:07 fn-pound kernel: [    0.000000] found SMP MP-table at [mem 0x000fd990-0x000fd99f] mapped at [ffff8800000fd990]
Feb  8 15:11:07 fn-pound kernel: [    0.000000] Scanning 1 areas for low memory corruption
Feb  8 15:11:07 fn-pound kernel: [    0.000000] Base memory trampoline at [ffff88000008b000] 8b000 size 24576
Feb  8 15:11:07 fn-pound kernel: [    0.000000] init_memory_mapping: [mem 0x00000000-0x000fffff]
Feb  8 15:11:07 fn-pound kernel: [    0.000000]  [mem 0x00000000-0x000fffff] page 4k
Feb  8 15:11:07 fn-pound kernel: [    0.000000] BRK [0x01fe1000, 0x01fe1fff] PGTABLE
Feb  8 15:11:07 fn-pound kernel: [    0.000000] BRK [0x01fe2000, 0x01fe2fff] PGTABLE
Feb  8 15:11:07 fn-pound kernel: [    0.000000] BRK [0x01fe3000, 0x01fe3fff] PGTABLE
Feb  8 15:11:07 fn-pound kernel: [    0.000000] init_memory_mapping: [mem 0x41e400000-0x41e5fffff]
Feb  8 15:11:07 fn-pound kernel: [    0.000000]  [mem 0x41e400000-0x41e5fffff] page 2M
Feb  8 15:11:07 fn-pound kernel: [    0.000000] BRK [0x01fe4000, 0x01fe4fff] PGTABLE
Feb  8 15:11:07 fn-pound kernel: [    0.000000] init_memory_mapping: [mem 0x41c000000-0x41e3fffff]
Feb  8 15:11:07 fn-pound kernel: [    0.000000]  [mem 0x41c000000-0x41e3fffff] page 2M
Feb  8 15:11:07 fn-pound kernel: [    0.000000] init_memory_mapping: [mem 0x400000000-0x41bffffff]
Feb  8 15:11:07 fn-pound kernel: [    0.000000]  [mem 0x400000000-0x41bffffff] page 2M
Feb  8 15:11:07 fn-pound kernel: [    0.000000] init_memory_mapping: [mem 0x00100000-0x1fffffff]
Feb  8 15:11:07 fn-pound kernel: [    0.000000]  [mem 0x00100000-0x001fffff] page 4k
Feb  8 15:11:07 fn-pound kernel: [    0.000000]  [mem 0x00200000-0x1fffffff] page 2M
Feb  8 15:11:07 fn-pound kernel: [    0.000000] init_memory_mapping: [mem 0x20200000-0x40003fff]
Feb  8 15:11:07 fn-pound kernel: [    0.000000]  [mem 0x20200000-0x3fffffff] page 2M
Feb  8 15:11:07 fn-pound kernel: [    0.000000]  [mem 0x40000000-0x40003fff] page 4k
Feb  8 15:11:07 fn-pound kernel: [    0.000000] BRK [0x01fe5000, 0x01fe5fff] PGTABLE
Feb  8 15:11:07 fn-pound kernel: [    0.000000] BRK [0x01fe6000, 0x01fe6fff] PGTABLE
Feb  8 15:11:07 fn-pound kernel: [    0.000000] init_memory_mapping: [mem 0x40005000-0xd7f09fff]
Feb  8 15:11:07 fn-pound kernel: [    0.000000]  [mem 0x40005000-0x401fffff] page 4k
Feb  8 15:11:07 fn-pound kernel: [    0.000000]  [mem 0x40200000-0xd7dfffff] page 2M
Feb  8 15:11:07 fn-pound kernel: [    0.000000]  [mem 0xd7e00000-0xd7f09fff] page 4k
Feb  8 15:11:07 fn-pound kernel: [    0.000000] init_memory_mapping: [mem 0xd8000000-0xd8752fff]
Feb  8 15:11:07 fn-pound kernel: [    0.000000]  [mem 0xd8000000-0xd85fffff] page 2M
Feb  8 15:11:07 fn-pound kernel: [    0.000000]  [mem 0xd8600000-0xd8752fff] page 4k
Feb  8 15:11:07 fn-pound kernel: [    0.000000] init_memory_mapping: [mem 0xd8800000-0xd8fb2fff]
Feb  8 15:11:07 fn-pound kernel: [    0.000000]  [mem 0xd8800000-0xd8dfffff] page 2M
Feb  8 15:11:07 fn-pound kernel: [    0.000000]  [mem 0xd8e00000-0xd8fb2fff] page 4k
Feb  8 15:11:07 fn-pound kernel: [    0.000000] init_memory_mapping: [mem 0xd9000000-0xda6fcfff]
Feb  8 15:11:07 fn-pound kernel: [    0.000000]  [mem 0xd9000000-0xda5fffff] page 2M
Feb  8 15:11:07 fn-pound kernel: [    0.000000]  [mem 0xda600000-0xda6fcfff] page 4k
Feb  8 15:11:07 fn-pound kernel: [    0.000000] init_memory_mapping: [mem 0xda800000-0xdb431fff]
Feb  8 15:11:07 fn-pound kernel: [    0.000000]  [mem 0xda800000-0xdb3fffff] page 2M
Feb  8 15:11:07 fn-pound kernel: [    0.000000]  [mem 0xdb400000-0xdb431fff] page 4k
Feb  8 15:11:07 fn-pound kernel: [    0.000000] init_memory_mapping: [mem 0xdc090000-0xdcad7fff]
Feb  8 15:11:07 fn-pound kernel: [    0.000000]  [mem 0xdc090000-0xdc1fffff] page 4k
Feb  8 15:11:07 fn-pound kernel: [    0.000000]  [mem 0xdc200000-0xdc9fffff] page 2M
Feb  8 15:11:07 fn-pound kernel: [    0.000000]  [mem 0xdca00000-0xdcad7fff] page 4k
Feb  8 15:11:07 fn-pound kernel: [    0.000000] init_memory_mapping: [mem 0xdcff0000-0xdcffffff]
Feb  8 15:11:07 fn-pound kernel: [    0.000000]  [mem 0xdcff0000-0xdcffffff] page 4k
Feb  8 15:11:07 fn-pound kernel: [    0.000000] init_memory_mapping: [mem 0x100000000-0x3ffffffff]
Feb  8 15:11:07 fn-pound kernel: [    0.000000]  [mem 0x100000000-0x3ffffffff] page 2M
Feb  8 15:11:07 fn-pound kernel: [    0.000000] RAMDISK: [mem 0x346b8000-0x36353fff]
Feb  8 15:11:07 fn-pound kernel: [    0.000000] ACPI: RSDP 00000000000f0490 000024 (v02 DELL  )
Feb  8 15:11:07 fn-pound kernel: [    0.000000] ACPI: XSDT 00000000d8ff4080 00007C (v01 DELL    CBX3    01072009 AMI  00010013)
Feb  8 15:11:07 fn-pound kernel: [    0.000000] ACPI: FACP 00000000d8ffe690 00010C (v05 DELL    CBX3    01072009 AMI  00010013)
Feb  8 15:11:07 fn-pound kernel: [    0.000000] ACPI: DSDT 00000000d8ff4188 00A501 (v02 DELL    CBX3    00000021 INTL 20091112)
Feb  8 15:11:07 fn-pound kernel: [    0.000000] ACPI: FACS 00000000da7fe080 000040
Feb  8 15:11:07 fn-pound kernel: [    0.000000] ACPI: APIC 00000000d8ffe7a0 000072 (v03 DELL    CBX3    01072009 AMI  00010013)
Feb  8 15:11:07 fn-pound kernel: [    0.000000] ACPI: FPDT 00000000d8ffe818 000044 (v01 DELL    CBX3    01072009 AMI  00010013)
Feb  8 15:11:07 fn-pound kernel: [    0.000000] ACPI: MCFG 00000000d8ffe860 00003C (v01 DELL    CBX3    01072009 MSFT 00000097)
Feb  8 15:11:07 fn-pound kernel: [    0.000000] ACPI: HPET 00000000d8ffe8a0 000038 (v01 DELL    CBX3    01072009 AMI. 00000005)
Feb  8 15:11:07 fn-pound kernel: [    0.000000] ACPI: SSDT 00000000d8ffe8d8 000415 (v01 SataRe SataTabl 00001000 INTL 20091112)
Feb  8 15:11:07 fn-pound kernel: [    0.000000] ACPI: SSDT 00000000d8ffecf0 000B22 (v01  PmRef    CpuPm 00003000 INTL 20051117)
Feb  8 15:11:07 fn-pound kernel: [    0.000000] ACPI: DMAR 00000000d8fff818 0000B8 (v01 INTEL      SNB  00000001 INTL 00000001)
Feb  8 15:11:07 fn-pound kernel: [    0.000000] ACPI: ASF! 00000000d8fff8d0 0000A5 (v32 INTEL       HCG 00000001 TFSM 000F4240)
Feb  8 15:11:07 fn-pound kernel: [    0.000000] ACPI: SLIC 00000000d8fff978 000176 (v03 DELL    CBX3    01072009 MSFT 00010013)
Feb  8 15:11:07 fn-pound kernel: [    0.000000] ACPI: BGRT 00000000d8fffaf0 000038 (v00     ??          01072009 AMI  00010013)
Feb  8 15:11:07 fn-pound kernel: [    0.000000] ACPI: Local APIC address 0xfee00000
Feb  8 15:11:07 fn-pound kernel: [    0.000000] No NUMA configuration found
Feb  8 15:11:07 fn-pound kernel: [    0.000000] Faking a node at [mem 0x0000000000000000-0x000000041e5fffff]
Feb  8 15:11:07 fn-pound kernel: [    0.000000] Initmem setup node 0 [mem 0x00000000-0x41e5fffff]
Feb  8 15:11:07 fn-pound kernel: [    0.000000]   NODE_DATA [mem 0x41e5e5000-0x41e5e9fff]
Feb  8 15:11:07 fn-pound kernel: [    0.000000]  [ffffea0000000000-ffffea00107fffff] PMD -> [ffff88040dc00000-ffff88041dbfffff] on node 0
Feb  8 15:11:07 fn-pound kernel: [    0.000000] Zone ranges:
Feb  8 15:11:07 fn-pound kernel: [    0.000000]   DMA      [mem 0x00001000-0x00ffffff]
Feb  8 15:11:07 fn-pound kernel: [    0.000000]   DMA32    [mem 0x01000000-0xffffffff]
Feb  8 15:11:07 fn-pound kernel: [    0.000000]   Normal   [mem 0x100000000-0x41e5fffff]
Feb  8 15:11:07 fn-pound kernel: [    0.000000] Movable zone start for each node
Feb  8 15:11:07 fn-pound kernel: [    0.000000] Early memory node ranges
Feb  8 15:11:07 fn-pound kernel: [    0.000000]   node   0: [mem 0x00001000-0x00090fff]
Feb  8 15:11:07 fn-pound kernel: [    0.000000]   node   0: [mem 0x00100000-0x1fffffff]
Feb  8 15:11:07 fn-pound kernel: [    0.000000]   node   0: [mem 0x20200000-0x40003fff]
Feb  8 15:11:07 fn-pound kernel: [    0.000000]   node   0: [mem 0x40005000-0xd7f09fff]
Feb  8 15:11:07 fn-pound kernel: [    0.000000]   node   0: [mem 0xd8000000-0xd8752fff]
Feb  8 15:11:07 fn-pound kernel: [    0.000000]   node   0: [mem 0xd8800000-0xd8fb2fff]
Feb  8 15:11:07 fn-pound kernel: [    0.000000]   node   0: [mem 0xd9000000-0xda6fcfff]
Feb  8 15:11:07 fn-pound kernel: [    0.000000]   node   0: [mem 0xda800000-0xdb431fff]
Feb  8 15:11:07 fn-pound kernel: [    0.000000]   node   0: [mem 0xdc090000-0xdcad7fff]
Feb  8 15:11:07 fn-pound kernel: [    0.000000]   node   0: [mem 0xdcff0000-0xdcffffff]
Feb  8 15:11:07 fn-pound kernel: [    0.000000]   node   0: [mem 0x100000000-0x41e5fffff]
Feb  8 15:11:07 fn-pound kernel: [    0.000000] On node 0 totalpages: 4169510
Feb  8 15:11:07 fn-pound kernel: [    0.000000]   DMA zone: 64 pages used for memmap
Feb  8 15:11:07 fn-pound kernel: [    0.000000]   DMA zone: 21 pages reserved
Feb  8 15:11:07 fn-pound kernel: [    0.000000]   DMA zone: 3984 pages, LIFO batch:0
Feb  8 15:11:07 fn-pound kernel: [    0.000000]   DMA32 zone: 13991 pages used for memmap
Feb  8 15:11:07 fn-pound kernel: [    0.000000]   DMA32 zone: 895382 pages, LIFO batch:31
Feb  8 15:11:07 fn-pound kernel: [    0.000000]   Normal zone: 51096 pages used for memmap
Feb  8 15:11:07 fn-pound kernel: [    0.000000]   Normal zone: 3270144 pages, LIFO batch:31
Feb  8 15:11:07 fn-pound kernel: [    0.000000] ACPI: PM-Timer IO Port: 0x408
Feb  8 15:11:07 fn-pound kernel: [    0.000000] ACPI: Local APIC address 0xfee00000
Feb  8 15:11:07 fn-pound kernel: [    0.000000] ACPI: LAPIC (acpi_id[0x01] lapic_id[0x00] enabled)
Feb  8 15:11:07 fn-pound kernel: [    0.000000] ACPI: LAPIC (acpi_id[0x02] lapic_id[0x02] enabled)
Feb  8 15:11:07 fn-pound kernel: [    0.000000] ACPI: LAPIC (acpi_id[0x03] lapic_id[0x01] enabled)
Feb  8 15:11:07 fn-pound kernel: [    0.000000] ACPI: LAPIC (acpi_id[0x04] lapic_id[0x03] enabled)
Feb  8 15:11:07 fn-pound kernel: [    0.000000] ACPI: LAPIC_NMI (acpi_id[0xff] high edge lint[0x1])
Feb  8 15:11:07 fn-pound kernel: [    0.000000] ACPI: IOAPIC (id[0x02] address[0xfec00000] gsi_base[0])
Feb  8 15:11:07 fn-pound kernel: [    0.000000] IOAPIC[0]: apic_id 2, version 32, address 0xfec00000, GSI 0-23
Feb  8 15:11:07 fn-pound kernel: [    0.000000] ACPI: INT_SRC_OVR (bus 0 bus_irq 0 global_irq 2 dfl dfl)
Feb  8 15:11:07 fn-pound kernel: [    0.000000] ACPI: INT_SRC_OVR (bus 0 bus_irq 9 global_irq 9 high level)
Feb  8 15:11:07 fn-pound kernel: [    0.000000] ACPI: IRQ0 used by override.
Feb  8 15:11:07 fn-pound kernel: [    0.000000] ACPI: IRQ2 used by override.
Feb  8 15:11:07 fn-pound kernel: [    0.000000] ACPI: IRQ9 used by override.
Feb  8 15:11:07 fn-pound kernel: [    0.000000] Using ACPI (MADT) for SMP configuration information
Feb  8 15:11:07 fn-pound kernel: [    0.000000] ACPI: HPET id: 0x8086a701 base: 0xfed00000
Feb  8 15:11:07 fn-pound kernel: [    0.000000] smpboot: Allowing 4 CPUs, 0 hotplug CPUs
Feb  8 15:11:07 fn-pound kernel: [    0.000000] nr_irqs_gsi: 40
Feb  8 15:11:07 fn-pound kernel: [    0.000000] PM: Registered nosave memory: [mem 0x00091000-0x00091fff]
Feb  8 15:11:07 fn-pound kernel: [    0.000000] PM: Registered nosave memory: [mem 0x00092000-0x0009ffff]
Feb  8 15:11:07 fn-pound kernel: [    0.000000] PM: Registered nosave memory: [mem 0x000a0000-0x000dffff]
Feb  8 15:11:07 fn-pound kernel: [    0.000000] PM: Registered nosave memory: [mem 0x000e0000-0x000fffff]
Feb  8 15:11:07 fn-pound kernel: [    0.000000] PM: Registered nosave memory: [mem 0x20000000-0x201fffff]
Feb  8 15:11:07 fn-pound kernel: [    0.000000] PM: Registered nosave memory: [mem 0x40004000-0x40004fff]
Feb  8 15:11:07 fn-pound kernel: [    0.000000] PM: Registered nosave memory: [mem 0xd7f0a000-0xd7ffffff]
Feb  8 15:11:07 fn-pound kernel: [    0.000000] PM: Registered nosave memory: [mem 0xd8753000-0xd87fffff]
Feb  8 15:11:07 fn-pound kernel: [    0.000000] PM: Registered nosave memory: [mem 0xd8fb3000-0xd8ffffff]
Feb  8 15:11:07 fn-pound kernel: [    0.000000] PM: Registered nosave memory: [mem 0xda6fd000-0xda7fffff]
Feb  8 15:11:07 fn-pound kernel: [    0.000000] PM: Registered nosave memory: [mem 0xdb432000-0xdc04cfff]
Feb  8 15:11:07 fn-pound kernel: [    0.000000] PM: Registered nosave memory: [mem 0xdc04d000-0xdc08ffff]
Feb  8 15:11:07 fn-pound kernel: [    0.000000] PM: Registered nosave memory: [mem 0xdcad8000-0xdcfeffff]
Feb  8 15:11:07 fn-pound kernel: [    0.000000] PM: Registered nosave memory: [mem 0xdd000000-0xdd7fffff]
Feb  8 15:11:07 fn-pound kernel: [    0.000000] PM: Registered nosave memory: [mem 0xdd800000-0xdf9fffff]
Feb  8 15:11:07 fn-pound kernel: [    0.000000] PM: Registered nosave memory: [mem 0xdfa00000-0xf7ffffff]
Feb  8 15:11:07 fn-pound kernel: [    0.000000] PM: Registered nosave memory: [mem 0xf8000000-0xfbffffff]
Feb  8 15:11:07 fn-pound kernel: [    0.000000] PM: Registered nosave memory: [mem 0xfc000000-0xfebfffff]
Feb  8 15:11:07 fn-pound kernel: [    0.000000] PM: Registered nosave memory: [mem 0xfec00000-0xfec00fff]
Feb  8 15:11:07 fn-pound kernel: [    0.000000] PM: Registered nosave memory: [mem 0xfec01000-0xfecfffff]
Feb  8 15:11:07 fn-pound kernel: [    0.000000] PM: Registered nosave memory: [mem 0xfed00000-0xfed03fff]
Feb  8 15:11:07 fn-pound kernel: [    0.000000] PM: Registered nosave memory: [mem 0xfed04000-0xfed1bfff]
Feb  8 15:11:07 fn-pound kernel: [    0.000000] PM: Registered nosave memory: [mem 0xfed1c000-0xfed1ffff]
Feb  8 15:11:07 fn-pound kernel: [    0.000000] PM: Registered nosave memory: [mem 0xfed20000-0xfedfffff]
Feb  8 15:11:07 fn-pound kernel: [    0.000000] PM: Registered nosave memory: [mem 0xfee00000-0xfee00fff]
Feb  8 15:11:07 fn-pound kernel: [    0.000000] PM: Registered nosave memory: [mem 0xfee01000-0xfeffffff]
Feb  8 15:11:07 fn-pound kernel: [    0.000000] PM: Registered nosave memory: [mem 0xff000000-0xffffffff]
Feb  8 15:11:07 fn-pound kernel: [    0.000000] e820: [mem 0xdfa00000-0xf7ffffff] available for PCI devices
Feb  8 15:11:07 fn-pound kernel: [    0.000000] Booting paravirtualized kernel on bare hardware
Feb  8 15:11:07 fn-pound kernel: [    0.000000] setup_percpu: NR_CPUS:256 nr_cpumask_bits:256 nr_cpu_ids:4 nr_node_ids:1
Feb  8 15:11:07 fn-pound kernel: [    0.000000] PERCPU: Embedded 28 pages/cpu @ffff88041e200000 s82368 r8192 d24128 u524288
Feb  8 15:11:07 fn-pound kernel: [    0.000000] pcpu-alloc: s82368 r8192 d24128 u524288 alloc=1*2097152
Feb  8 15:11:07 fn-pound kernel: [    0.000000] pcpu-alloc: [0] 0 1 2 3 
Feb  8 15:11:07 fn-pound kernel: [    0.000000] Built 1 zonelists in Zone order, mobility grouping on.  Total pages: 4104338
Feb  8 15:11:07 fn-pound kernel: [    0.000000] Policy zone: Normal
Feb  8 15:11:07 fn-pound kernel: [    0.000000] Kernel command line: BOOT_IMAGE=/vmlinuz-3.13.0-45-generic root=/dev/mapper/xubuntu--vg-root ro quiet splash vt.handoff=7
Feb  8 15:11:07 fn-pound kernel: [    0.000000] PID hash table entries: 4096 (order: 3, 32768 bytes)
Feb  8 15:11:07 fn-pound kernel: [    0.000000] xsave: enabled xstate_bv 0x7, cntxt size 0x340
Feb  8 15:11:07 fn-pound kernel: [    0.000000] Checking aperture...
Feb  8 15:11:07 fn-pound kernel: [    0.000000] No AGP bridge found
Feb  8 15:11:07 fn-pound kernel: [    0.000000] Calgary: detecting Calgary via BIOS EBDA area
Feb  8 15:11:07 fn-pound kernel: [    0.000000] Calgary: Unable to locate Rio Grande table in EBDA - bailing!
Feb  8 15:11:07 fn-pound kernel: [    0.000000] Memory: 16303364K/16678040K available (7383K kernel code, 1145K rwdata, 3408K rodata, 1336K init, 1444K bss, 374676K reserved)
Feb  8 15:11:07 fn-pound kernel: [    0.000000] SLUB: HWalign=64, Order=0-3, MinObjects=0, CPUs=4, Nodes=1
Feb  8 15:11:07 fn-pound kernel: [    0.000000] Hierarchical RCU implementation.
Feb  8 15:11:07 fn-pound kernel: [    0.000000] 	RCU dyntick-idle grace-period acceleration is enabled.
Feb  8 15:11:07 fn-pound kernel: [    0.000000] 	RCU restricting CPUs from NR_CPUS=256 to nr_cpu_ids=4.
Feb  8 15:11:07 fn-pound kernel: [    0.000000] 	Offload RCU callbacks from all CPUs
Feb  8 15:11:07 fn-pound kernel: [    0.000000] 	Offload RCU callbacks from CPUs: 0-3.
Feb  8 15:11:07 fn-pound kernel: [    0.000000] NR_IRQS:16640 nr_irqs:712 16
Feb  8 15:11:07 fn-pound kernel: [    0.000000] Console: colour dummy device 80x25
Feb  8 15:11:07 fn-pound kernel: [    0.000000] console [tty0] enabled
Feb  8 15:11:07 fn-pound kernel: [    0.000000] allocated 67108864 bytes of page_cgroup
Feb  8 15:11:07 fn-pound kernel: [    0.000000] please try 'cgroup_disable=memory' option if you don't want memory cgroups
Feb  8 15:11:07 fn-pound kernel: [    0.000000] hpet clockevent registered
Feb  8 15:11:07 fn-pound kernel: [    0.000000] tsc: Fast TSC calibration using PIT
Feb  8 15:11:07 fn-pound kernel: [    0.004000] tsc: Detected 2491.749 MHz processor
Feb  8 15:11:07 fn-pound kernel: [    0.000002] Calibrating delay loop (skipped), value calculated using timer frequency.. 4983.49 BogoMIPS (lpj=9966996)
Feb  8 15:11:07 fn-pound kernel: [    0.000005] pid_max: default: 32768 minimum: 301
Feb  8 15:11:07 fn-pound kernel: [    0.000033] Security Framework initialized
Feb  8 15:11:07 fn-pound kernel: [    0.000050] AppArmor: AppArmor initialized
Feb  8 15:11:07 fn-pound kernel: [    0.000052] Yama: becoming mindful.
Feb  8 15:11:07 fn-pound kernel: [    0.001353] Dentry cache hash table entries: 2097152 (order: 12, 16777216 bytes)
Feb  8 15:11:07 fn-pound kernel: [    0.006530] Inode-cache hash table entries: 1048576 (order: 11, 8388608 bytes)
Feb  8 15:11:07 fn-pound kernel: [    0.008846] Mount-cache hash table entries: 32768 (order: 6, 262144 bytes)
Feb  8 15:11:07 fn-pound kernel: [    0.008869] Mountpoint-cache hash table entries: 32768 (order: 6, 262144 bytes)
Feb  8 15:11:07 fn-pound kernel: [    0.009127] Initializing cgroup subsys memory
Feb  8 15:11:07 fn-pound kernel: [    0.009133] Initializing cgroup subsys devices
Feb  8 15:11:07 fn-pound kernel: [    0.009135] Initializing cgroup subsys freezer
Feb  8 15:11:07 fn-pound kernel: [    0.009136] Initializing cgroup subsys blkio
Feb  8 15:11:07 fn-pound kernel: [    0.009138] Initializing cgroup subsys perf_event
Feb  8 15:11:07 fn-pound kernel: [    0.009141] Initializing cgroup subsys hugetlb
Feb  8 15:11:07 fn-pound kernel: [    0.009166] CPU: Physical Processor ID: 0
Feb  8 15:11:07 fn-pound kernel: [    0.009168] CPU: Processor Core ID: 0
Feb  8 15:11:07 fn-pound kernel: [    0.009173] ENERGY_PERF_BIAS: Set to 'normal', was 'performance'
Feb  8 15:11:07 fn-pound kernel: [    0.009173] ENERGY_PERF_BIAS: View and update with x86_energy_perf_policy(8)
Feb  8 15:11:07 fn-pound kernel: [    0.009645] mce: CPU supports 7 MCE banks
Feb  8 15:11:07 fn-pound kernel: [    0.009655] CPU0: Thermal monitoring handled by SMI
Feb  8 15:11:07 fn-pound kernel: [    0.009666] Last level iTLB entries: 4KB 512, 2MB 0, 4MB 0
Feb  8 15:11:07 fn-pound kernel: [    0.009666] Last level dTLB entries: 4KB 512, 2MB 32, 4MB 32
Feb  8 15:11:07 fn-pound kernel: [    0.009666] tlb_flushall_shift: 2
Feb  8 15:11:07 fn-pound kernel: [    0.009814] Freeing SMP alternatives memory: 32K (ffffffff81e6e000 - ffffffff81e76000)
Feb  8 15:11:07 fn-pound kernel: [    0.011249] ACPI: Core revision 20131115
Feb  8 15:11:07 fn-pound kernel: [    0.017460] ACPI: All ACPI Tables successfully acquired
Feb  8 15:11:07 fn-pound kernel: [    0.018376] ftrace: allocating 28554 entries in 112 pages
Feb  8 15:11:07 fn-pound kernel: [    0.034768] dmar: Host address width 36
Feb  8 15:11:07 fn-pound kernel: [    0.034770] dmar: DRHD base: 0x000000fed90000 flags: 0x0
Feb  8 15:11:07 fn-pound kernel: [    0.034779] dmar: IOMMU 0: reg_base_addr fed90000 ver 1:0 cap c0000020e60262 ecap f0101a
Feb  8 15:11:07 fn-pound kernel: [    0.034781] dmar: DRHD base: 0x000000fed91000 flags: 0x1
Feb  8 15:11:07 fn-pound kernel: [    0.034787] dmar: IOMMU 1: reg_base_addr fed91000 ver 1:0 cap c9008020660262 ecap f0105a
Feb  8 15:11:07 fn-pound kernel: [    0.034788] dmar: RMRR base: 0x000000db5a8000 end: 0x000000db5c7fff
Feb  8 15:11:07 fn-pound kernel: [    0.034789] dmar: RMRR base: 0x000000dd800000 end: 0x000000df9fffff
Feb  8 15:11:07 fn-pound kernel: [    0.034861] IOAPIC id 2 under DRHD base  0xfed91000 IOMMU 1
Feb  8 15:11:07 fn-pound kernel: [    0.034862] HPET id 0 under DRHD base 0xfed91000
Feb  8 15:11:07 fn-pound kernel: [    0.035034] Enabled IRQ remapping in x2apic mode
Feb  8 15:11:07 fn-pound kernel: [    0.035035] Enabling x2apic
Feb  8 15:11:07 fn-pound kernel: [    0.035036] Enabled x2apic
Feb  8 15:11:07 fn-pound kernel: [    0.035042] Switched APIC routing to cluster x2apic.
Feb  8 15:11:07 fn-pound kernel: [    0.035491] ..TIMER: vector=0x30 apic1=0 pin1=2 apic2=-1 pin2=-1
Feb  8 15:11:07 fn-pound kernel: [    0.075180] smpboot: CPU0: Intel(R) Core(TM) i7-3667U CPU @ 2.00GHz (fam: 06, model: 3a, stepping: 09)
Feb  8 15:11:07 fn-pound kernel: [    0.075190] TSC deadline timer enabled
Feb  8 15:11:07 fn-pound kernel: [    0.075201] Performance Events: PEBS fmt1+, 16-deep LBR, IvyBridge events, full-width counters, Intel PMU driver.
Feb  8 15:11:07 fn-pound kernel: [    0.075208] ... version:                3
Feb  8 15:11:07 fn-pound kernel: [    0.075209] ... bit width:              48
Feb  8 15:11:07 fn-pound kernel: [    0.075210] ... generic registers:      4
Feb  8 15:11:07 fn-pound kernel: [    0.075211] ... value mask:             0000ffffffffffff
Feb  8 15:11:07 fn-pound kernel: [    0.075213] ... max period:             0000ffffffffffff
Feb  8 15:11:07 fn-pound kernel: [    0.075214] ... fixed-purpose events:   3
Feb  8 15:11:07 fn-pound kernel: [    0.075215] ... event mask:             000000070000000f
Feb  8 15:11:07 fn-pound kernel: [    0.076991] x86: Booting SMP configuration:
Feb  8 15:11:07 fn-pound kernel: [    0.088431] CPU1: Thermal monitoring handled by SMI
Feb  8 15:11:07 fn-pound kernel: [    0.090591] NMI watchdog: enabled on all CPUs, permanently consumes one hw-PMU counter.
Feb  8 15:11:07 fn-pound kernel: [    0.102226] CPU2: Thermal monitoring handled by SMI
Feb  8 15:11:07 fn-pound kernel: [    0.115878] CPU3: Thermal monitoring handled by SMI
Feb  8 15:11:07 fn-pound kernel: [    0.076994] .... node  #0, CPUs:      #1 #2 #3
Feb  8 15:11:07 fn-pound kernel: [    0.118010] x86: Booted up 1 node, 4 CPUs
Feb  8 15:11:07 fn-pound kernel: [    0.118014] smpboot: Total of 4 processors activated (19933.99 BogoMIPS)
Feb  8 15:11:07 fn-pound kernel: [    0.122668] devtmpfs: initialized
Feb  8 15:11:07 fn-pound kernel: [    0.126428] EVM: security.selinux
Feb  8 15:11:07 fn-pound kernel: [    0.126430] EVM: security.SMACK64
Feb  8 15:11:07 fn-pound kernel: [    0.126431] EVM: security.ima
Feb  8 15:11:07 fn-pound kernel: [    0.126432] EVM: security.capability
Feb  8 15:11:07 fn-pound kernel: [    0.126488] PM: Registering ACPI NVS region [mem 0xda6fd000-0xda7fffff] (1060864 bytes)
Feb  8 15:11:07 fn-pound kernel: [    0.126507] PM: Registering ACPI NVS region [mem 0xdc04d000-0xdc08ffff] (274432 bytes)
Feb  8 15:11:07 fn-pound kernel: [    0.127427] pinctrl core: initialized pinctrl subsystem
Feb  8 15:11:07 fn-pound kernel: [    0.127489] regulator-dummy: no parameters
Feb  8 15:11:07 fn-pound kernel: [    0.127521] RTC time: 20:10:55, date: 02/08/15
Feb  8 15:11:07 fn-pound kernel: [    0.127557] NET: Registered protocol family 16
Feb  8 15:11:07 fn-pound kernel: [    0.127675] cpuidle: using governor ladder
Feb  8 15:11:07 fn-pound kernel: [    0.127676] cpuidle: using governor menu
Feb  8 15:11:07 fn-pound kernel: [    0.127719] ACPI FADT declares the system doesn't support PCIe ASPM, so disable it
Feb  8 15:11:07 fn-pound kernel: [    0.127721] ACPI: bus type PCI registered
Feb  8 15:11:07 fn-pound kernel: [    0.127723] acpiphp: ACPI Hot Plug PCI Controller Driver version: 0.5
Feb  8 15:11:07 fn-pound kernel: [    0.127781] PCI: MMCONFIG for domain 0000 [bus 00-3f] at [mem 0xf8000000-0xfbffffff] (base 0xf8000000)
Feb  8 15:11:07 fn-pound kernel: [    0.127784] PCI: MMCONFIG at [mem 0xf8000000-0xfbffffff] reserved in E820
Feb  8 15:11:07 fn-pound kernel: [    0.139022] PCI: Using configuration type 1 for base access
Feb  8 15:11:07 fn-pound kernel: [    0.139031] dmi type 0xB1 record - unknown flag
Feb  8 15:11:07 fn-pound kernel: [    0.140111] bio: create slab <bio-0> at 0
Feb  8 15:11:07 fn-pound kernel: [    0.140294] ACPI: Added _OSI(Module Device)
Feb  8 15:11:07 fn-pound kernel: [    0.140296] ACPI: Added _OSI(Processor Device)
Feb  8 15:11:07 fn-pound kernel: [    0.140298] ACPI: Added _OSI(3.0 _SCP Extensions)
Feb  8 15:11:07 fn-pound kernel: [    0.140299] ACPI: Added _OSI(Processor Aggregator Device)
Feb  8 15:11:07 fn-pound kernel: [    0.143514] ACPI: Executed 1 blocks of module-level executable AML code
Feb  8 15:11:07 fn-pound kernel: [    0.180507] [Firmware Bug]: ACPI: BIOS _OSI(Linux) query ignored
Feb  8 15:11:07 fn-pound kernel: [    0.214753] ACPI Error: [\_PR_.CPU0._PPC] Namespace lookup failure, AE_NOT_FOUND (20131115/psargs-359)
Feb  8 15:11:07 fn-pound kernel: [    0.214759] ACPI Error: Method parse/execution failed [\_PR_.CPU0._PDC] (Node ffff880407d297a8), AE_NOT_FOUND (20131115/psparse-536)
Feb  8 15:11:07 fn-pound kernel: [    0.215004] ACPI: SSDT 00000000db85cc18 000119 (v01  PmRef    ApCst 00003000 INTL 20051117)
Feb  8 15:11:07 fn-pound kernel: [    0.215403] ACPI: Dynamic OEM Table Load:
Feb  8 15:11:07 fn-pound kernel: [    0.215405] ACPI: SSDT           (null) 000119 (v01  PmRef    ApCst 00003000 INTL 20051117)
Feb  8 15:11:07 fn-pound kernel: [    0.262666] ACPI: Interpreter enabled
Feb  8 15:11:07 fn-pound kernel: [    0.262674] ACPI Exception: AE_NOT_FOUND, While evaluating Sleep State [\_S1_] (20131115/hwxface-580)
Feb  8 15:11:07 fn-pound kernel: [    0.262680] ACPI Exception: AE_NOT_FOUND, While evaluating Sleep State [\_S2_] (20131115/hwxface-580)
Feb  8 15:11:07 fn-pound kernel: [    0.262698] ACPI: (supports S0 S3 S4 S5)
Feb  8 15:11:07 fn-pound kernel: [    0.262699] ACPI: Using IOAPIC for interrupt routing
Feb  8 15:11:07 fn-pound kernel: [    0.262729] PCI: Using host bridge windows from ACPI; if necessary, use "pci=nocrs" and report a bug
Feb  8 15:11:07 fn-pound kernel: [    0.278823] ACPI: ACPI Dock Station Driver: 1 docks/bays found
Feb  8 15:11:07 fn-pound kernel: [    0.555783] ACPI: PCI Root Bridge [PCI0] (domain 0000 [bus 00-3e])
Feb  8 15:11:07 fn-pound kernel: [    0.555790] acpi PNP0A08:00: _OSC: OS supports [ExtendedConfig ASPM ClockPM Segments MSI]
Feb  8 15:11:07 fn-pound kernel: [    0.555928] \_SB_.PCI0:_OSC invalid UUID
Feb  8 15:11:07 fn-pound kernel: [    0.555929] _OSC request data:1 1f 0 
Feb  8 15:11:07 fn-pound kernel: [    0.555934] acpi PNP0A08:00: _OSC failed (AE_ERROR); disabling ASPM
Feb  8 15:11:07 fn-pound kernel: [    0.556716] PCI host bridge to bus 0000:00
Feb  8 15:11:07 fn-pound kernel: [    0.556720] pci_bus 0000:00: root bus resource [bus 00-3e]
Feb  8 15:11:07 fn-pound kernel: [    0.556722] pci_bus 0000:00: root bus resource [io  0x0000-0x0cf7]
Feb  8 15:11:07 fn-pound kernel: [    0.556724] pci_bus 0000:00: root bus resource [io  0x0d00-0xffff]
Feb  8 15:11:07 fn-pound kernel: [    0.556726] pci_bus 0000:00: root bus resource [mem 0x000a0000-0x000bffff]
Feb  8 15:11:07 fn-pound kernel: [    0.556728] pci_bus 0000:00: root bus resource [mem 0x000dc000-0x000dffff]
Feb  8 15:11:07 fn-pound kernel: [    0.556730] pci_bus 0000:00: root bus resource [mem 0x000e0000-0x000e3fff]
Feb  8 15:11:07 fn-pound kernel: [    0.556732] pci_bus 0000:00: root bus resource [mem 0x000e4000-0x000e7fff]
Feb  8 15:11:07 fn-pound kernel: [    0.556734] pci_bus 0000:00: root bus resource [mem 0xdfa00000-0xfeafffff]
Feb  8 15:11:07 fn-pound kernel: [    0.556743] pci 0000:00:00.0: [8086:0154] type 00 class 0x060000
Feb  8 15:11:07 fn-pound kernel: [    0.556845] pci 0000:00:02.0: [8086:0166] type 00 class 0x030000
Feb  8 15:11:07 fn-pound kernel: [    0.556858] pci 0000:00:02.0: reg 0x10: [mem 0xf7400000-0xf77fffff 64bit]
Feb  8 15:11:07 fn-pound kernel: [    0.556865] pci 0000:00:02.0: reg 0x18: [mem 0xe0000000-0xefffffff 64bit pref]
Feb  8 15:11:07 fn-pound kernel: [    0.556871] pci 0000:00:02.0: reg 0x20: [io  0xf000-0xf03f]
Feb  8 15:11:07 fn-pound kernel: [    0.556998] pci 0000:00:14.0: [8086:1e31] type 00 class 0x0c0330
Feb  8 15:11:07 fn-pound kernel: [    0.557023] pci 0000:00:14.0: reg 0x10: [mem 0xf7920000-0xf792ffff 64bit]
Feb  8 15:11:07 fn-pound kernel: [    0.557102] pci 0000:00:14.0: PME# supported from D3hot D3cold
Feb  8 15:11:07 fn-pound kernel: [    0.557161] pci 0000:00:14.0: System wakeup disabled by ACPI
Feb  8 15:11:07 fn-pound kernel: [    0.557198] pci 0000:00:16.0: [8086:1e3a] type 00 class 0x078000
Feb  8 15:11:07 fn-pound kernel: [    0.557225] pci 0000:00:16.0: reg 0x10: [mem 0xf793c000-0xf793c00f 64bit]
Feb  8 15:11:07 fn-pound kernel: [    0.557308] pci 0000:00:16.0: PME# supported from D0 D3hot D3cold
Feb  8 15:11:07 fn-pound kernel: [    0.557405] pci 0000:00:19.0: [8086:1502] type 00 class 0x020000
Feb  8 15:11:07 fn-pound kernel: [    0.557426] pci 0000:00:19.0: reg 0x10: [mem 0xf7900000-0xf791ffff]
Feb  8 15:11:07 fn-pound kernel: [    0.557437] pci 0000:00:19.0: reg 0x14: [mem 0xf7939000-0xf7939fff]
Feb  8 15:11:07 fn-pound kernel: [    0.557447] pci 0000:00:19.0: reg 0x18: [io  0xf080-0xf09f]
Feb  8 15:11:07 fn-pound kernel: [    0.557516] pci 0000:00:19.0: PME# supported from D0 D3hot D3cold
Feb  8 15:11:07 fn-pound kernel: [    0.563030] pci 0000:00:19.0: System wakeup disabled by ACPI
Feb  8 15:11:07 fn-pound kernel: [    0.563071] pci 0000:00:1a.0: [8086:1e2d] type 00 class 0x0c0320
Feb  8 15:11:07 fn-pound kernel: [    0.563097] pci 0000:00:1a.0: reg 0x10: [mem 0xf7938000-0xf79383ff]
Feb  8 15:11:07 fn-pound kernel: [    0.563196] pci 0000:00:1a.0: PME# supported from D0 D3hot D3cold
Feb  8 15:11:07 fn-pound kernel: [    0.563257] pci 0000:00:1a.0: System wakeup disabled by ACPI
Feb  8 15:11:07 fn-pound kernel: [    0.563295] pci 0000:00:1b.0: [8086:1e20] type 00 class 0x040300
Feb  8 15:11:07 fn-pound kernel: [    0.563314] pci 0000:00:1b.0: reg 0x10: [mem 0xf7930000-0xf7933fff 64bit]
Feb  8 15:11:07 fn-pound kernel: [    0.563389] pci 0000:00:1b.0: PME# supported from D0 D3hot D3cold
Feb  8 15:11:07 fn-pound kernel: [    0.563448] pci 0000:00:1b.0: System wakeup disabled by ACPI
Feb  8 15:11:07 fn-pound kernel: [    0.563483] pci 0000:00:1c.0: [8086:1e10] type 01 class 0x060400
Feb  8 15:11:07 fn-pound kernel: [    0.563571] pci 0000:00:1c.0: PME# supported from D0 D3hot D3cold
Feb  8 15:11:07 fn-pound kernel: [    0.563632] pci 0000:00:1c.0: System wakeup disabled by ACPI
Feb  8 15:11:07 fn-pound kernel: [    0.563667] pci 0000:00:1c.1: [8086:1e12] type 01 class 0x060400
Feb  8 15:11:07 fn-pound kernel: [    0.563753] pci 0000:00:1c.1: PME# supported from D0 D3hot D3cold
Feb  8 15:11:07 fn-pound kernel: [    0.563815] pci 0000:00:1c.1: System wakeup disabled by ACPI
Feb  8 15:11:07 fn-pound kernel: [    0.563857] pci 0000:00:1c.5: [8086:1e1a] type 01 class 0x060400
Feb  8 15:11:07 fn-pound kernel: [    0.563988] pci 0000:00:1c.5: PME# supported from D0 D3hot D3cold
Feb  8 15:11:07 fn-pound kernel: [    0.564058] pci 0000:00:1c.5: System wakeup disabled by ACPI
Feb  8 15:11:07 fn-pound kernel: [    0.564097] pci 0000:00:1d.0: [8086:1e26] type 00 class 0x0c0320
Feb  8 15:11:07 fn-pound kernel: [    0.564121] pci 0000:00:1d.0: reg 0x10: [mem 0xf7937000-0xf79373ff]
Feb  8 15:11:07 fn-pound kernel: [    0.564219] pci 0000:00:1d.0: PME# supported from D0 D3hot D3cold
Feb  8 15:11:07 fn-pound kernel: [    0.564279] pci 0000:00:1d.0: System wakeup disabled by ACPI
Feb  8 15:11:07 fn-pound kernel: [    0.564314] pci 0000:00:1f.0: [8086:1e55] type 00 class 0x060100
Feb  8 15:11:07 fn-pound kernel: [    0.564508] pci 0000:00:1f.2: [8086:282a] type 00 class 0x010400
Feb  8 15:11:07 fn-pound kernel: [    0.564530] pci 0000:00:1f.2: reg 0x10: [io  0xf0d0-0xf0d7]
Feb  8 15:11:07 fn-pound kernel: [    0.564539] pci 0000:00:1f.2: reg 0x14: [io  0xf0c0-0xf0c3]
Feb  8 15:11:07 fn-pound kernel: [    0.564548] pci 0000:00:1f.2: reg 0x18: [io  0xf0b0-0xf0b7]
Feb  8 15:11:07 fn-pound kernel: [    0.564557] pci 0000:00:1f.2: reg 0x1c: [io  0xf0a0-0xf0a3]
Feb  8 15:11:07 fn-pound kernel: [    0.564566] pci 0000:00:1f.2: reg 0x20: [io  0xf060-0xf07f]
Feb  8 15:11:07 fn-pound kernel: [    0.564576] pci 0000:00:1f.2: reg 0x24: [mem 0xf7936000-0xf79367ff]
Feb  8 15:11:07 fn-pound kernel: [    0.564626] pci 0000:00:1f.2: PME# supported from D3hot
Feb  8 15:11:07 fn-pound kernel: [    0.564707] pci 0000:00:1f.3: [8086:1e22] type 00 class 0x0c0500
Feb  8 15:11:07 fn-pound kernel: [    0.564726] pci 0000:00:1f.3: reg 0x10: [mem 0xf7935000-0xf79350ff 64bit]
Feb  8 15:11:07 fn-pound kernel: [    0.564750] pci 0000:00:1f.3: reg 0x20: [io  0xf040-0xf05f]
Feb  8 15:11:07 fn-pound kernel: [    0.564914] pci 0000:00:1c.0: PCI bridge to [bus 01]
Feb  8 15:11:07 fn-pound kernel: [    0.565031] pci 0000:02:00.0: [1ae9:0101] type 01 class 0x060400
Feb  8 15:11:07 fn-pound kernel: [    0.565060] pci 0000:02:00.0: reg 0x10: [mem 0xf7200000-0xf73fffff]
Feb  8 15:11:07 fn-pound kernel: [    0.565218] pci 0000:02:00.0: PME# supported from D0 D3hot D3cold
Feb  8 15:11:07 fn-pound kernel: [    0.565272] pci 0000:02:00.0: System wakeup disabled by ACPI
Feb  8 15:11:07 fn-pound kernel: [    0.572983] pci 0000:00:1c.1: PCI bridge to [bus 02-06]
Feb  8 15:11:07 fn-pound kernel: [    0.572989] pci 0000:00:1c.1:   bridge window [io  0xd000-0xefff]
Feb  8 15:11:07 fn-pound kernel: [    0.572993] pci 0000:00:1c.1:   bridge window [mem 0xf6800000-0xf73fffff]
Feb  8 15:11:07 fn-pound kernel: [    0.573001] pci 0000:00:1c.1:   bridge window [mem 0xf0000000-0xf07fffff 64bit pref]
Feb  8 15:11:07 fn-pound kernel: [    0.573141] pci 0000:03:00.0: [1ae9:0200] type 01 class 0x060400
Feb  8 15:11:07 fn-pound kernel: [    0.573364] pci 0000:03:00.0: PME# supported from D0 D3hot D3cold
Feb  8 15:11:07 fn-pound kernel: [    0.573462] pci 0000:03:02.0: [1ae9:0201] type 01 class 0x060400
Feb  8 15:11:07 fn-pound kernel: [    0.573494] pci 0000:03:02.0: reg 0x10: [mem 0xf0000000-0xf07fffff pref]
Feb  8 15:11:07 fn-pound kernel: [    0.573514] pci 0000:03:02.0: reg 0x14: [io  0xe000-0xefff]
Feb  8 15:11:07 fn-pound kernel: [    0.573654] pci 0000:03:02.0: PME# supported from D0 D3hot D3cold
Feb  8 15:11:07 fn-pound kernel: [    0.573737] pci 0000:03:03.0: [1ae9:0201] type 01 class 0x060400
Feb  8 15:11:07 fn-pound kernel: [    0.573766] pci 0000:03:03.0: reg 0x10: [mem 0xf6800000-0xf6ffffff]
Feb  8 15:11:07 fn-pound kernel: [    0.573784] pci 0000:03:03.0: reg 0x14: [io  0xd000-0xdfff]
Feb  8 15:11:07 fn-pound kernel: [    0.573925] pci 0000:03:03.0: PME# supported from D0 D3hot D3cold
Feb  8 15:11:07 fn-pound kernel: [    0.574055] pci 0000:02:00.0: PCI bridge to [bus 03-06]
Feb  8 15:11:07 fn-pound kernel: [    0.574067] pci 0000:02:00.0:   bridge window [io  0xd000-0xefff]
Feb  8 15:11:07 fn-pound kernel: [    0.574074] pci 0000:02:00.0:   bridge window [mem 0xf6800000-0xf70fffff]
Feb  8 15:11:07 fn-pound kernel: [    0.574085] pci 0000:02:00.0:   bridge window [mem 0xf0000000-0xf07fffff 64bit pref]
Feb  8 15:11:07 fn-pound kernel: [    0.574244] pci 0000:04:00.0: [168c:0034] type 00 class 0x028000
Feb  8 15:11:07 fn-pound kernel: [    0.574302] pci 0000:04:00.0: reg 0x10: [mem 0xf7000000-0xf707ffff 64bit]
Feb  8 15:11:07 fn-pound kernel: [    0.574441] pci 0000:04:00.0: reg 0x30: [mem 0xf7080000-0xf708ffff pref]
Feb  8 15:11:07 fn-pound kernel: [    0.574586] pci 0000:04:00.0: supports D1 D2
Feb  8 15:11:07 fn-pound kernel: [    0.574587] pci 0000:04:00.0: PME# supported from D0 D1 D2 D3hot D3cold
Feb  8 15:11:07 fn-pound kernel: [    0.574716] pci 0000:03:00.0: PCI bridge to [bus 04]
Feb  8 15:11:07 fn-pound kernel: [    0.574738] pci 0000:03:00.0:   bridge window [mem 0xf7000000-0xf70fffff]
Feb  8 15:11:07 fn-pound kernel: [    0.574761] pci 0000:03:02.0: Primary bus is hard wired to 0
Feb  8 15:11:07 fn-pound kernel: [    0.574855] pci 0000:03:02.0: PCI bridge to [bus 05]
Feb  8 15:11:07 fn-pound kernel: [    0.574888] pci 0000:03:03.0: Primary bus is hard wired to 0
Feb  8 15:11:07 fn-pound kernel: [    0.574981] pci 0000:03:03.0: PCI bridge to [bus 06]
Feb  8 15:11:07 fn-pound kernel: [    0.575027] pci 0000:03:02.0: Primary bus is hard wired to 0
Feb  8 15:11:07 fn-pound kernel: [    0.575038] pci 0000:03:03.0: Primary bus is hard wired to 0
Feb  8 15:11:07 fn-pound kernel: [    0.575282] pci 0000:07:00.0: [1217:8221] type 00 class 0x080501
Feb  8 15:11:07 fn-pound kernel: [    0.575329] pci 0000:07:00.0: reg 0x10: [mem 0xf7802000-0xf78021ff]
Feb  8 15:11:07 fn-pound kernel: [    0.575608] pci 0000:07:00.0: supports D1 D2
Feb  8 15:11:07 fn-pound kernel: [    0.575610] pci 0000:07:00.0: PME# supported from D0 D1 D2 D3hot D3cold
Feb  8 15:11:07 fn-pound kernel: [    0.575666] pci 0000:07:00.0: System wakeup disabled by ACPI
Feb  8 15:11:07 fn-pound kernel: [    0.585100] pci 0000:00:1c.5: PCI bridge to [bus 07]
Feb  8 15:11:07 fn-pound kernel: [    0.585108] pci 0000:00:1c.5:   bridge window [mem 0xf7800000-0xf78fffff]
Feb  8 15:11:07 fn-pound kernel: [    0.615239] ACPI: PCI Interrupt Link [LNKA] (IRQs 3 4 5 6 10 *11 12 14 15)
Feb  8 15:11:07 fn-pound kernel: [    0.615298] ACPI: PCI Interrupt Link [LNKB] (IRQs 3 *4 5 6 10 11 12 14 15)
Feb  8 15:11:07 fn-pound kernel: [    0.615353] ACPI: PCI Interrupt Link [LNKC] (IRQs 3 4 5 6 10 *11 12 14 15)
Feb  8 15:11:07 fn-pound kernel: [    0.615407] ACPI: PCI Interrupt Link [LNKD] (IRQs 3 4 5 6 *10 11 12 14 15)
Feb  8 15:11:07 fn-pound kernel: [    0.615461] ACPI: PCI Interrupt Link [LNKE] (IRQs 3 4 *5 6 10 11 12 14 15)
Feb  8 15:11:07 fn-pound kernel: [    0.615514] ACPI: PCI Interrupt Link [LNKF] (IRQs 3 4 5 6 *10 11 12 14 15)
Feb  8 15:11:07 fn-pound kernel: [    0.615568] ACPI: PCI Interrupt Link [LNKG] (IRQs *3 4 5 6 10 11 12 14 15)
Feb  8 15:11:07 fn-pound kernel: [    0.615622] ACPI: PCI Interrupt Link [LNKH] (IRQs 3 4 5 6 10 11 12 14 15) *0, disabled.
Feb  8 15:11:07 fn-pound kernel: [    0.655394] ACPI: Enabled 3 GPEs in block 00 to 3F
Feb  8 15:11:07 fn-pound kernel: [    0.655402] ACPI: \_SB_.PCI0: notify handler is installed
Feb  8 15:11:07 fn-pound kernel: [    0.655470] Found 1 acpi root devices
Feb  8 15:11:07 fn-pound kernel: [    0.655524] ACPI : EC: GPE = 0x10, I/O: command/status = 0x934, data = 0x930
Feb  8 15:11:07 fn-pound kernel: [    0.655626] vgaarb: setting as boot device: PCI:0000:00:02.0
Feb  8 15:11:07 fn-pound kernel: [    0.655628] vgaarb: device added: PCI:0000:00:02.0,decodes=io+mem,owns=io+mem,locks=none
Feb  8 15:11:07 fn-pound kernel: [    0.655632] vgaarb: loaded
Feb  8 15:11:07 fn-pound kernel: [    0.655633] vgaarb: bridge control possible 0000:00:02.0
Feb  8 15:11:07 fn-pound kernel: [    0.655797] SCSI subsystem initialized
Feb  8 15:11:07 fn-pound kernel: [    0.655855] libata version 3.00 loaded.
Feb  8 15:11:07 fn-pound kernel: [    0.655891] ACPI: bus type USB registered
Feb  8 15:11:07 fn-pound kernel: [    0.655909] usbcore: registered new interface driver usbfs
Feb  8 15:11:07 fn-pound kernel: [    0.655918] usbcore: registered new interface driver hub
Feb  8 15:11:07 fn-pound kernel: [    0.655950] usbcore: registered new device driver usb
Feb  8 15:11:07 fn-pound kernel: [    0.656069] PCI: Using ACPI for IRQ routing
Feb  8 15:11:07 fn-pound kernel: [    0.657662] PCI: pci_cache_line_size set to 64 bytes
Feb  8 15:11:07 fn-pound kernel: [    0.657852] e820: reserve RAM buffer [mem 0x00091800-0x0009ffff]
Feb  8 15:11:07 fn-pound kernel: [    0.657854] e820: reserve RAM buffer [mem 0x40004000-0x43ffffff]
Feb  8 15:11:07 fn-pound kernel: [    0.657856] e820: reserve RAM buffer [mem 0xd7f0a000-0xd7ffffff]
Feb  8 15:11:07 fn-pound kernel: [    0.657857] e820: reserve RAM buffer [mem 0xd8753000-0xdbffffff]
Feb  8 15:11:07 fn-pound kernel: [    0.657859] e820: reserve RAM buffer [mem 0xd8fb3000-0xdbffffff]
Feb  8 15:11:07 fn-pound kernel: [    0.657861] e820: reserve RAM buffer [mem 0xda6fd000-0xdbffffff]
Feb  8 15:11:07 fn-pound kernel: [    0.657863] e820: reserve RAM buffer [mem 0xdb432000-0xdbffffff]
Feb  8 15:11:07 fn-pound kernel: [    0.657864] e820: reserve RAM buffer [mem 0xdcad8000-0xdfffffff]
Feb  8 15:11:07 fn-pound kernel: [    0.657866] e820: reserve RAM buffer [mem 0xdd000000-0xdfffffff]
Feb  8 15:11:07 fn-pound kernel: [    0.657868] e820: reserve RAM buffer [mem 0x41e600000-0x41fffffff]
Feb  8 15:11:07 fn-pound kernel: [    0.657955] NetLabel: Initializing
Feb  8 15:11:07 fn-pound kernel: [    0.657957] NetLabel:  domain hash size = 128
Feb  8 15:11:07 fn-pound kernel: [    0.657958] NetLabel:  protocols = UNLABELED CIPSOv4
Feb  8 15:11:07 fn-pound kernel: [    0.657971] NetLabel:  unlabeled traffic allowed by default
Feb  8 15:11:07 fn-pound kernel: [    0.658037] hpet0: at MMIO 0xfed00000, IRQs 2, 8, 0, 0, 0, 0, 0, 0
Feb  8 15:11:07 fn-pound kernel: [    0.658043] hpet0: 8 comparators, 64-bit 14.318180 MHz counter
Feb  8 15:11:07 fn-pound kernel: [    0.660081] Switched to clocksource hpet
Feb  8 15:11:07 fn-pound kernel: [    0.664899] AppArmor: AppArmor Filesystem Enabled
Feb  8 15:11:07 fn-pound kernel: [    0.664924] pnp: PnP ACPI init
Feb  8 15:11:07 fn-pound kernel: [    0.664936] ACPI: bus type PNP registered
Feb  8 15:11:07 fn-pound kernel: [    0.665032] system 00:00: [mem 0xfed40000-0xfed44fff] has been reserved
Feb  8 15:11:07 fn-pound kernel: [    0.665036] system 00:00: Plug and Play ACPI device, IDs PNP0c01 (active)
Feb  8 15:11:07 fn-pound kernel: [    0.665050] pnp 00:01: [dma 4]
Feb  8 15:11:07 fn-pound kernel: [    0.665067] pnp 00:01: Plug and Play ACPI device, IDs PNP0200 (active)
Feb  8 15:11:07 fn-pound kernel: [    0.665086] pnp 00:02: Plug and Play ACPI device, IDs INT0800 (active)
Feb  8 15:11:07 fn-pound kernel: [    0.665190] pnp 00:03: Plug and Play ACPI device, IDs PNP0103 (active)
Feb  8 15:11:07 fn-pound kernel: [    0.665235] system 00:04: [io  0x0680-0x069f] has been reserved
Feb  8 15:11:07 fn-pound kernel: [    0.665238] system 00:04: [io  0x1000-0x100f] has been reserved
Feb  8 15:11:07 fn-pound kernel: [    0.665240] system 00:04: [io  0x1100-0x1103] has been reserved
Feb  8 15:11:07 fn-pound kernel: [    0.665242] system 00:04: [io  0xffff] has been reserved
Feb  8 15:11:07 fn-pound kernel: [    0.665244] system 00:04: [io  0x0400-0x0453] could not be reserved
Feb  8 15:11:07 fn-pound kernel: [    0.665246] system 00:04: [io  0x0458-0x047f] has been reserved
Feb  8 15:11:07 fn-pound kernel: [    0.665248] system 00:04: [io  0x0500-0x057f] has been reserved
Feb  8 15:11:07 fn-pound kernel: [    0.665250] system 00:04: [io  0x164e-0x164f] has been reserved
Feb  8 15:11:07 fn-pound kernel: [    0.665253] system 00:04: Plug and Play ACPI device, IDs PNP0c02 (active)
Feb  8 15:11:07 fn-pound kernel: [    0.665287] pnp 00:05: Plug and Play ACPI device, IDs PNP0b00 (active)
Feb  8 15:11:07 fn-pound kernel: [    0.665334] system 00:06: [io  0x0454-0x0457] has been reserved
Feb  8 15:11:07 fn-pound kernel: [    0.665337] system 00:06: Plug and Play ACPI device, IDs INT3f0d PNP0c02 (active)
Feb  8 15:11:07 fn-pound kernel: [    0.665387] system 00:07: [io  0x04d0-0x04d1] has been reserved
Feb  8 15:11:07 fn-pound kernel: [    0.665390] system 00:07: Plug and Play ACPI device, IDs PNP0c02 (active)
Feb  8 15:11:07 fn-pound kernel: [    0.665416] pnp 00:08: Plug and Play ACPI device, IDs PNP0c04 (active)
Feb  8 15:11:07 fn-pound kernel: [    0.665466] pnp 00:09: Plug and Play ACPI device, IDs PNP0303 (active)
Feb  8 15:11:07 fn-pound kernel: [    0.665491] pnp 00:0a: Plug and Play ACPI device, IDs DLL0584 PNP0f13 (active)
Feb  8 15:11:07 fn-pound kernel: [    0.688221] pnp 00:0b: Plug and Play ACPI device, IDs PNP0401 (disabled)
Feb  8 15:11:07 fn-pound kernel: [    0.696301] system 00:0c: [mem 0xfed1c000-0xfed1ffff] has been reserved
Feb  8 15:11:07 fn-pound kernel: [    0.696304] system 00:0c: [mem 0xfed10000-0xfed17fff] has been reserved
Feb  8 15:11:07 fn-pound kernel: [    0.696306] system 00:0c: [mem 0xfed18000-0xfed18fff] has been reserved
Feb  8 15:11:07 fn-pound kernel: [    0.696308] system 00:0c: [mem 0xfed19000-0xfed19fff] has been reserved
Feb  8 15:11:07 fn-pound kernel: [    0.696313] system 00:0c: [mem 0xf8000000-0xfbffffff] has been reserved
Feb  8 15:11:07 fn-pound kernel: [    0.696316] system 00:0c: [mem 0xfed20000-0xfed3ffff] has been reserved
Feb  8 15:11:07 fn-pound kernel: [    0.696318] system 00:0c: [mem 0xfed90000-0xfed93fff] could not be reserved
Feb  8 15:11:07 fn-pound kernel: [    0.696320] system 00:0c: [mem 0xfed45000-0xfed8ffff] has been reserved
Feb  8 15:11:07 fn-pound kernel: [    0.696323] system 00:0c: [mem 0xff000000-0xffffffff] has been reserved
Feb  8 15:11:07 fn-pound kernel: [    0.696325] system 00:0c: [mem 0xfee00000-0xfeefffff] could not be reserved
Feb  8 15:11:07 fn-pound kernel: [    0.696327] system 00:0c: [mem 0xdfa00000-0xdfa00fff] has been reserved
Feb  8 15:11:07 fn-pound kernel: [    0.696330] system 00:0c: Plug and Play ACPI device, IDs PNP0c02 (active)
Feb  8 15:11:07 fn-pound kernel: [    0.696506] system 00:0d: [mem 0x20000000-0x201fffff] has been reserved
Feb  8 15:11:07 fn-pound kernel: [    0.696508] system 00:0d: [mem 0x40004000-0x40004fff] has been reserved
Feb  8 15:11:07 fn-pound kernel: [    0.696511] system 00:0d: Plug and Play ACPI device, IDs PNP0c01 (active)
Feb  8 15:11:07 fn-pound kernel: [    0.736200] pnp: PnP ACPI: found 14 devices
Feb  8 15:11:07 fn-pound kernel: [    0.736202] ACPI: bus type PNP unregistered
Feb  8 15:11:07 fn-pound kernel: [    0.742675] pci 0000:03:00.0: bridge window [io  0x1000-0x0fff] to [bus 04] add_size 1000
Feb  8 15:11:07 fn-pound kernel: [    0.742680] pci 0000:03:00.0: bridge window [mem 0x00100000-0x000fffff 64bit pref] to [bus 04] add_size 200000
Feb  8 15:11:07 fn-pound kernel: [    0.742697] pci 0000:03:02.0: bridge window [io  0x1000-0x0fff] to [bus 05] add_size 1000
Feb  8 15:11:07 fn-pound kernel: [    0.742700] pci 0000:03:02.0: bridge window [mem 0x00100000-0x000fffff 64bit pref] to [bus 05] add_size 200000
Feb  8 15:11:07 fn-pound kernel: [    0.742702] pci 0000:03:02.0: bridge window [mem 0x00100000-0x000fffff] to [bus 05] add_size 200000
Feb  8 15:11:07 fn-pound kernel: [    0.742719] pci 0000:03:03.0: bridge window [io  0x1000-0x0fff] to [bus 06] add_size 1000
Feb  8 15:11:07 fn-pound kernel: [    0.742721] pci 0000:03:03.0: bridge window [mem 0x00100000-0x000fffff 64bit pref] to [bus 06] add_size 200000
Feb  8 15:11:07 fn-pound kernel: [    0.742724] pci 0000:03:03.0: bridge window [mem 0x00100000-0x000fffff] to [bus 06] add_size 200000
Feb  8 15:11:07 fn-pound kernel: [    0.742762] pci 0000:00:1c.0: PCI bridge to [bus 01]
Feb  8 15:11:07 fn-pound kernel: [    0.742780] pci 0000:03:00.0: res[15]=[mem 0x00100000-0x000fffff 64bit pref] get_res_add_size add_size 200000
Feb  8 15:11:07 fn-pound kernel: [    0.742783] pci 0000:03:02.0: res[14]=[mem 0x00100000-0x000fffff] get_res_add_size add_size 200000
Feb  8 15:11:07 fn-pound kernel: [    0.742785] pci 0000:03:02.0: res[15]=[mem 0x00100000-0x000fffff 64bit pref] get_res_add_size add_size 200000
Feb  8 15:11:07 fn-pound kernel: [    0.742787] pci 0000:03:03.0: res[14]=[mem 0x00100000-0x000fffff] get_res_add_size add_size 200000
Feb  8 15:11:07 fn-pound kernel: [    0.742789] pci 0000:03:03.0: res[15]=[mem 0x00100000-0x000fffff 64bit pref] get_res_add_size add_size 200000
Feb  8 15:11:07 fn-pound kernel: [    0.742791] pci 0000:03:00.0: res[13]=[io  0x1000-0x0fff] get_res_add_size add_size 1000
Feb  8 15:11:07 fn-pound kernel: [    0.742793] pci 0000:03:02.0: res[13]=[io  0x1000-0x0fff] get_res_add_size add_size 1000
Feb  8 15:11:07 fn-pound kernel: [    0.742795] pci 0000:03:03.0: res[13]=[io  0x1000-0x0fff] get_res_add_size add_size 1000
Feb  8 15:11:07 fn-pound kernel: [    0.742799] pci 0000:03:00.0: BAR 15: can't assign mem pref (size 0x200000)
Feb  8 15:11:07 fn-pound kernel: [    0.742801] pci 0000:03:02.0: BAR 14: can't assign mem (size 0x200000)
Feb  8 15:11:07 fn-pound kernel: [    0.742803] pci 0000:03:02.0: BAR 15: can't assign mem pref (size 0x200000)
Feb  8 15:11:07 fn-pound kernel: [    0.742805] pci 0000:03:03.0: BAR 14: can't assign mem (size 0x200000)
Feb  8 15:11:07 fn-pound kernel: [    0.742808] pci 0000:03:03.0: BAR 15: can't assign mem pref (size 0x200000)
Feb  8 15:11:07 fn-pound kernel: [    0.742810] pci 0000:03:00.0: BAR 13: can't assign io (size 0x1000)
Feb  8 15:11:07 fn-pound kernel: [    0.742812] pci 0000:03:02.0: BAR 13: can't assign io (size 0x1000)
Feb  8 15:11:07 fn-pound kernel: [    0.742814] pci 0000:03:03.0: BAR 13: can't assign io (size 0x1000)
Feb  8 15:11:07 fn-pound kernel: [    0.742817] pci 0000:03:03.0: BAR 14: can't assign mem (size 0x200000)
Feb  8 15:11:07 fn-pound kernel: [    0.742819] pci 0000:03:03.0: BAR 15: can't assign mem pref (size 0x200000)
Feb  8 15:11:07 fn-pound kernel: [    0.742821] pci 0000:03:03.0: BAR 13: can't assign io (size 0x1000)
Feb  8 15:11:07 fn-pound kernel: [    0.742823] pci 0000:03:02.0: BAR 14: can't assign mem (size 0x200000)
Feb  8 15:11:07 fn-pound kernel: [    0.742825] pci 0000:03:02.0: BAR 15: can't assign mem pref (size 0x200000)
Feb  8 15:11:07 fn-pound kernel: [    0.742827] pci 0000:03:02.0: BAR 13: can't assign io (size 0x1000)
Feb  8 15:11:07 fn-pound kernel: [    0.742829] pci 0000:03:00.0: BAR 15: can't assign mem pref (size 0x200000)
Feb  8 15:11:07 fn-pound kernel: [    0.742831] pci 0000:03:00.0: BAR 13: can't assign io (size 0x1000)
Feb  8 15:11:07 fn-pound kernel: [    0.742834] pci 0000:03:00.0: PCI bridge to [bus 04]
Feb  8 15:11:07 fn-pound kernel: [    0.742847] pci 0000:03:00.0:   bridge window [mem 0xf7000000-0xf70fffff]
Feb  8 15:11:07 fn-pound kernel: [    0.742871] pci 0000:03:02.0: PCI bridge to [bus 05]
Feb  8 15:11:07 fn-pound kernel: [    0.742896] pci 0000:03:03.0: PCI bridge to [bus 06]
Feb  8 15:11:07 fn-pound kernel: [    0.742920] pci 0000:02:00.0: PCI bridge to [bus 03-06]
Feb  8 15:11:07 fn-pound kernel: [    0.742925] pci 0000:02:00.0:   bridge window [io  0xd000-0xefff]
Feb  8 15:11:07 fn-pound kernel: [    0.742934] pci 0000:02:00.0:   bridge window [mem 0xf6800000-0xf70fffff]
Feb  8 15:11:07 fn-pound kernel: [    0.742941] pci 0000:02:00.0:   bridge window [mem 0xf0000000-0xf07fffff 64bit pref]
Feb  8 15:11:07 fn-pound kernel: [    0.742952] pci 0000:00:1c.1: PCI bridge to [bus 02-06]
Feb  8 15:11:07 fn-pound kernel: [    0.742956] pci 0000:00:1c.1:   bridge window [io  0xd000-0xefff]
Feb  8 15:11:07 fn-pound kernel: [    0.742962] pci 0000:00:1c.1:   bridge window [mem 0xf6800000-0xf73fffff]
Feb  8 15:11:07 fn-pound kernel: [    0.742967] pci 0000:00:1c.1:   bridge window [mem 0xf0000000-0xf07fffff 64bit pref]
Feb  8 15:11:07 fn-pound kernel: [    0.742974] pci 0000:00:1c.5: PCI bridge to [bus 07]
Feb  8 15:11:07 fn-pound kernel: [    0.742982] pci 0000:00:1c.5:   bridge window [mem 0xf7800000-0xf78fffff]
Feb  8 15:11:07 fn-pound kernel: [    0.742994] pci_bus 0000:00: resource 4 [io  0x0000-0x0cf7]
Feb  8 15:11:07 fn-pound kernel: [    0.742996] pci_bus 0000:00: resource 5 [io  0x0d00-0xffff]
Feb  8 15:11:07 fn-pound kernel: [    0.742998] pci_bus 0000:00: resource 6 [mem 0x000a0000-0x000bffff]
Feb  8 15:11:07 fn-pound kernel: [    0.743000] pci_bus 0000:00: resource 7 [mem 0x000dc000-0x000dffff]
Feb  8 15:11:07 fn-pound kernel: [    0.743002] pci_bus 0000:00: resource 8 [mem 0x000e0000-0x000e3fff]
Feb  8 15:11:07 fn-pound kernel: [    0.743004] pci_bus 0000:00: resource 9 [mem 0x000e4000-0x000e7fff]
Feb  8 15:11:07 fn-pound kernel: [    0.743006] pci_bus 0000:00: resource 10 [mem 0xdfa00000-0xfeafffff]
Feb  8 15:11:07 fn-pound kernel: [    0.743009] pci_bus 0000:02: resource 0 [io  0xd000-0xefff]
Feb  8 15:11:07 fn-pound kernel: [    0.743011] pci_bus 0000:02: resource 1 [mem 0xf6800000-0xf73fffff]
Feb  8 15:11:07 fn-pound kernel: [    0.743013] pci_bus 0000:02: resource 2 [mem 0xf0000000-0xf07fffff 64bit pref]
Feb  8 15:11:07 fn-pound kernel: [    0.743015] pci_bus 0000:03: resource 0 [io  0xd000-0xefff]
Feb  8 15:11:07 fn-pound kernel: [    0.743017] pci_bus 0000:03: resource 1 [mem 0xf6800000-0xf70fffff]
Feb  8 15:11:07 fn-pound kernel: [    0.743019] pci_bus 0000:03: resource 2 [mem 0xf0000000-0xf07fffff 64bit pref]
Feb  8 15:11:07 fn-pound kernel: [    0.743021] pci_bus 0000:04: resource 1 [mem 0xf7000000-0xf70fffff]
Feb  8 15:11:07 fn-pound kernel: [    0.743023] pci_bus 0000:07: resource 1 [mem 0xf7800000-0xf78fffff]
Feb  8 15:11:07 fn-pound kernel: [    0.743054] NET: Registered protocol family 2
Feb  8 15:11:07 fn-pound kernel: [    0.743299] TCP established hash table entries: 131072 (order: 8, 1048576 bytes)
Feb  8 15:11:07 fn-pound kernel: [    0.743588] TCP bind hash table entries: 65536 (order: 8, 1048576 bytes)
Feb  8 15:11:07 fn-pound kernel: [    0.743716] TCP: Hash tables configured (established 131072 bind 65536)
Feb  8 15:11:07 fn-pound kernel: [    0.743735] TCP: reno registered
Feb  8 15:11:07 fn-pound kernel: [    0.743757] UDP hash table entries: 8192 (order: 6, 262144 bytes)
Feb  8 15:11:07 fn-pound kernel: [    0.743825] UDP-Lite hash table entries: 8192 (order: 6, 262144 bytes)
Feb  8 15:11:07 fn-pound kernel: [    0.743920] NET: Registered protocol family 1
Feb  8 15:11:07 fn-pound kernel: [    0.743932] pci 0000:00:02.0: Video device with shadowed ROM
Feb  8 15:11:07 fn-pound kernel: [    0.784339] PCI: CLS 64 bytes, default 64
Feb  8 15:11:07 fn-pound kernel: [    0.784392] Trying to unpack rootfs image as initramfs...
Feb  8 15:11:07 fn-pound kernel: [    1.338647] Freeing initrd memory: 29296K (ffff8800346b8000 - ffff880036354000)
Feb  8 15:11:07 fn-pound kernel: [    1.338675] PCI-DMA: Using software bounce buffering for IO (SWIOTLB)
Feb  8 15:11:07 fn-pound kernel: [    1.338678] software IO TLB [mem 0xd3f0a000-0xd7f0a000] (64MB) mapped at [ffff8800d3f0a000-ffff8800d7f09fff]
Feb  8 15:11:07 fn-pound kernel: [    1.338892] microcode: CPU0 sig=0x306a9, pf=0x10, revision=0x19
Feb  8 15:11:07 fn-pound kernel: [    1.338900] microcode: CPU1 sig=0x306a9, pf=0x10, revision=0x19
Feb  8 15:11:07 fn-pound kernel: [    1.338912] microcode: CPU2 sig=0x306a9, pf=0x10, revision=0x19
Feb  8 15:11:07 fn-pound kernel: [    1.338922] microcode: CPU3 sig=0x306a9, pf=0x10, revision=0x19
Feb  8 15:11:07 fn-pound kernel: [    1.338973] microcode: Microcode Update Driver: v2.00 <tigran@aivazian.fsnet.co.uk>, Peter Oruba
Feb  8 15:11:07 fn-pound kernel: [    1.338975] Scanning for low memory corruption every 60 seconds
Feb  8 15:11:07 fn-pound kernel: [    1.339234] Initialise system trusted keyring
Feb  8 15:11:07 fn-pound kernel: [    1.339283] audit: initializing netlink socket (disabled)
Feb  8 15:11:07 fn-pound kernel: [    1.339292] type=2000 audit(1423426256.328:1): initialized
Feb  8 15:11:07 fn-pound kernel: [    1.372402] HugeTLB registered 2 MB page size, pre-allocated 0 pages
Feb  8 15:11:07 fn-pound kernel: [    1.373663] zbud: loaded
Feb  8 15:11:07 fn-pound kernel: [    1.373828] VFS: Disk quotas dquot_6.5.2
Feb  8 15:11:07 fn-pound kernel: [    1.373869] Dquot-cache hash table entries: 512 (order 0, 4096 bytes)
Feb  8 15:11:07 fn-pound kernel: [    1.374292] fuse init (API version 7.22)
Feb  8 15:11:07 fn-pound kernel: [    1.374371] msgmni has been set to 31899
Feb  8 15:11:07 fn-pound kernel: [    1.374425] Key type big_key registered
Feb  8 15:11:07 fn-pound kernel: [    1.374899] Key type asymmetric registered
Feb  8 15:11:07 fn-pound kernel: [    1.374901] Asymmetric key parser 'x509' registered
Feb  8 15:11:07 fn-pound kernel: [    1.374934] Block layer SCSI generic (bsg) driver version 0.4 loaded (major 252)
Feb  8 15:11:07 fn-pound kernel: [    1.374977] io scheduler noop registered
Feb  8 15:11:07 fn-pound kernel: [    1.374979] io scheduler deadline registered (default)
Feb  8 15:11:07 fn-pound kernel: [    1.375004] io scheduler cfq registered
Feb  8 15:11:07 fn-pound kernel: [    1.376048] pci_hotplug: PCI Hot Plug PCI Core version: 0.5
Feb  8 15:11:07 fn-pound kernel: [    1.376062] pciehp: PCI Express Hot Plug Controller Driver version: 0.4
Feb  8 15:11:07 fn-pound kernel: [    1.376101] vesafb: mode is 1600x900x32, linelength=6400, pages=0
Feb  8 15:11:07 fn-pound kernel: [    1.376102] vesafb: scrolling: redraw
Feb  8 15:11:07 fn-pound kernel: [    1.376104] vesafb: Truecolor: size=8:8:8:8, shift=24:16:8:0
Feb  8 15:11:07 fn-pound kernel: [    1.377142] vesafb: framebuffer at 0xe0000000, mapped to 0xffffc90005c80000, using 5632k, total 5632k
Feb  8 15:11:07 fn-pound kernel: [    1.495249] Console: switching to colour frame buffer device 200x56
Feb  8 15:11:07 fn-pound kernel: [    1.613034] fb0: VESA VGA frame buffer device
Feb  8 15:11:07 fn-pound kernel: [    1.613051] intel_idle: MWAIT substates: 0x21120
Feb  8 15:11:07 fn-pound kernel: [    1.613053] intel_idle: v0.4 model 0x3A
Feb  8 15:11:07 fn-pound kernel: [    1.613054] intel_idle: lapic_timer_reliable_states 0xffffffff
Feb  8 15:11:07 fn-pound kernel: [    1.613159] ipmi message handler version 39.2
Feb  8 15:11:07 fn-pound kernel: [    2.028384] ACPI: Deprecated procfs I/F for AC is loaded, please retry with CONFIG_ACPI_PROCFS_POWER cleared
Feb  8 15:11:07 fn-pound kernel: [    2.028929] ACPI: AC Adapter [AC] (off-line)
Feb  8 15:11:07 fn-pound kernel: [    2.029085] input: Lid Switch as /devices/LNXSYSTM:00/device:00/PNP0C0D:00/input/input0
Feb  8 15:11:07 fn-pound kernel: [    2.029905] ACPI: Lid Switch [LID0]
Feb  8 15:11:07 fn-pound kernel: [    2.029956] input: Power Button as /devices/LNXSYSTM:00/device:00/PNP0C0C:00/input/input1
Feb  8 15:11:07 fn-pound kernel: [    2.029961] ACPI: Power Button [PBTN]
Feb  8 15:11:07 fn-pound kernel: [    2.029994] input: Sleep Button as /devices/LNXSYSTM:00/device:00/PNP0C0E:00/input/input2
Feb  8 15:11:07 fn-pound kernel: [    2.029997] ACPI: Sleep Button [SBTN]
Feb  8 15:11:07 fn-pound kernel: [    2.030028] input: Power Button as /devices/LNXSYSTM:00/LNXPWRBN:00/input/input3
Feb  8 15:11:07 fn-pound kernel: [    2.030031] ACPI: Power Button [PWRF]
Feb  8 15:11:07 fn-pound kernel: [    2.052498] thermal LNXTHERM:00: registered as thermal_zone0
Feb  8 15:11:07 fn-pound kernel: [    2.052503] ACPI: Thermal Zone [THM] (42 C)
Feb  8 15:11:07 fn-pound kernel: [    2.052556] GHES: HEST is not enabled!
Feb  8 15:11:07 fn-pound kernel: [    2.052749] Serial: 8250/16550 driver, 32 ports, IRQ sharing enabled
Feb  8 15:11:07 fn-pound kernel: [    2.056754] Linux agpgart interface v0.103
Feb  8 15:11:07 fn-pound kernel: [    2.058253] brd: module loaded
Feb  8 15:11:07 fn-pound kernel: [    2.059357] loop: module loaded
Feb  8 15:11:07 fn-pound kernel: [    2.059727] libphy: Fixed MDIO Bus: probed
Feb  8 15:11:07 fn-pound kernel: [    2.059806] tun: Universal TUN/TAP device driver, 1.6
Feb  8 15:11:07 fn-pound kernel: [    2.059808] tun: (C) 1999-2004 Max Krasnyansky <maxk@qualcomm.com>
Feb  8 15:11:07 fn-pound kernel: [    2.059867] PPP generic driver version 2.4.2
Feb  8 15:11:07 fn-pound kernel: [    2.059939] ehci_hcd: USB 2.0 'Enhanced' Host Controller (EHCI) Driver
Feb  8 15:11:07 fn-pound kernel: [    2.059944] ehci-pci: EHCI PCI platform driver
Feb  8 15:11:07 fn-pound kernel: [    2.060115] ehci-pci 0000:00:1a.0: EHCI Host Controller
Feb  8 15:11:07 fn-pound kernel: [    2.060124] ehci-pci 0000:00:1a.0: new USB bus registered, assigned bus number 1
Feb  8 15:11:07 fn-pound kernel: [    2.060146] ehci-pci 0000:00:1a.0: debug port 2
Feb  8 15:11:07 fn-pound kernel: [    2.064066] ehci-pci 0000:00:1a.0: cache line size of 64 is not supported
Feb  8 15:11:07 fn-pound kernel: [    2.064087] ehci-pci 0000:00:1a.0: irq 16, io mem 0xf7938000
Feb  8 15:11:07 fn-pound kernel: [    2.072345] ehci-pci 0000:00:1a.0: USB 2.0 started, EHCI 1.00
Feb  8 15:11:07 fn-pound kernel: [    2.072396] usb usb1: New USB device found, idVendor=1d6b, idProduct=0002
Feb  8 15:11:07 fn-pound kernel: [    2.072399] usb usb1: New USB device strings: Mfr=3, Product=2, SerialNumber=1
Feb  8 15:11:07 fn-pound kernel: [    2.072401] usb usb1: Product: EHCI Host Controller
Feb  8 15:11:07 fn-pound kernel: [    2.072403] usb usb1: Manufacturer: Linux 3.13.0-45-generic ehci_hcd
Feb  8 15:11:07 fn-pound kernel: [    2.072404] usb usb1: SerialNumber: 0000:00:1a.0
Feb  8 15:11:07 fn-pound kernel: [    2.072629] hub 1-0:1.0: USB hub found
Feb  8 15:11:07 fn-pound kernel: [    2.072640] hub 1-0:1.0: 2 ports detected
Feb  8 15:11:07 fn-pound kernel: [    2.073150] ehci-pci 0000:00:1d.0: EHCI Host Controller
Feb  8 15:11:07 fn-pound kernel: [    2.073156] ehci-pci 0000:00:1d.0: new USB bus registered, assigned bus number 2
Feb  8 15:11:07 fn-pound kernel: [    2.073172] ehci-pci 0000:00:1d.0: debug port 2
Feb  8 15:11:07 fn-pound kernel: [    2.075550] ACPI: Deprecated procfs I/F for battery is loaded, please retry with CONFIG_ACPI_PROCFS_POWER cleared
Feb  8 15:11:07 fn-pound kernel: [    2.075559] ACPI: Battery Slot [BAT0] (battery present)
Feb  8 15:11:07 fn-pound kernel: [    2.077066] ehci-pci 0000:00:1d.0: cache line size of 64 is not supported
Feb  8 15:11:07 fn-pound kernel: [    2.077082] ehci-pci 0000:00:1d.0: irq 21, io mem 0xf7937000
Feb  8 15:11:07 fn-pound kernel: [    2.088377] ehci-pci 0000:00:1d.0: USB 2.0 started, EHCI 1.00
Feb  8 15:11:07 fn-pound kernel: [    2.088433] usb usb2: New USB device found, idVendor=1d6b, idProduct=0002
Feb  8 15:11:07 fn-pound kernel: [    2.088436] usb usb2: New USB device strings: Mfr=3, Product=2, SerialNumber=1
Feb  8 15:11:07 fn-pound kernel: [    2.088438] usb usb2: Product: EHCI Host Controller
Feb  8 15:11:07 fn-pound kernel: [    2.088440] usb usb2: Manufacturer: Linux 3.13.0-45-generic ehci_hcd
Feb  8 15:11:07 fn-pound kernel: [    2.088441] usb usb2: SerialNumber: 0000:00:1d.0
Feb  8 15:11:07 fn-pound kernel: [    2.088619] hub 2-0:1.0: USB hub found
Feb  8 15:11:07 fn-pound kernel: [    2.088628] hub 2-0:1.0: 2 ports detected
Feb  8 15:11:07 fn-pound kernel: [    2.088764] ehci-platform: EHCI generic platform driver
Feb  8 15:11:07 fn-pound kernel: [    2.088772] ohci_hcd: USB 1.1 'Open' Host Controller (OHCI) Driver
Feb  8 15:11:07 fn-pound kernel: [    2.088773] ohci-pci: OHCI PCI platform driver
Feb  8 15:11:07 fn-pound kernel: [    2.088782] ohci-platform: OHCI generic platform driver
Feb  8 15:11:07 fn-pound kernel: [    2.088788] uhci_hcd: USB Universal Host Controller Interface driver
Feb  8 15:11:07 fn-pound kernel: [    2.088937] xhci_hcd 0000:00:14.0: xHCI Host Controller
Feb  8 15:11:07 fn-pound kernel: [    2.088943] xhci_hcd 0000:00:14.0: new USB bus registered, assigned bus number 3
Feb  8 15:11:07 fn-pound kernel: [    2.089041] xhci_hcd 0000:00:14.0: cache line size of 64 is not supported
Feb  8 15:11:07 fn-pound kernel: [    2.089072] xhci_hcd 0000:00:14.0: irq 42 for MSI/MSI-X
Feb  8 15:11:07 fn-pound kernel: [    2.089141] usb usb3: New USB device found, idVendor=1d6b, idProduct=0002
Feb  8 15:11:07 fn-pound kernel: [    2.089143] usb usb3: New USB device strings: Mfr=3, Product=2, SerialNumber=1
Feb  8 15:11:07 fn-pound kernel: [    2.089145] usb usb3: Product: xHCI Host Controller
Feb  8 15:11:07 fn-pound kernel: [    2.089147] usb usb3: Manufacturer: Linux 3.13.0-45-generic xhci_hcd
Feb  8 15:11:07 fn-pound kernel: [    2.089149] usb usb3: SerialNumber: 0000:00:14.0
Feb  8 15:11:07 fn-pound kernel: [    2.089325] hub 3-0:1.0: USB hub found
Feb  8 15:11:07 fn-pound kernel: [    2.089338] hub 3-0:1.0: 4 ports detected
Feb  8 15:11:07 fn-pound kernel: [    2.089684] xhci_hcd 0000:00:14.0: xHCI Host Controller
Feb  8 15:11:07 fn-pound kernel: [    2.089690] xhci_hcd 0000:00:14.0: new USB bus registered, assigned bus number 4
Feb  8 15:11:07 fn-pound kernel: [    2.089729] usb usb4: New USB device found, idVendor=1d6b, idProduct=0003
Feb  8 15:11:07 fn-pound kernel: [    2.089731] usb usb4: New USB device strings: Mfr=3, Product=2, SerialNumber=1
Feb  8 15:11:07 fn-pound kernel: [    2.089733] usb usb4: Product: xHCI Host Controller
Feb  8 15:11:07 fn-pound kernel: [    2.089735] usb usb4: Manufacturer: Linux 3.13.0-45-generic xhci_hcd
Feb  8 15:11:07 fn-pound kernel: [    2.089736] usb usb4: SerialNumber: 0000:00:14.0
Feb  8 15:11:07 fn-pound kernel: [    2.089910] hub 4-0:1.0: USB hub found
Feb  8 15:11:07 fn-pound kernel: [    2.089923] hub 4-0:1.0: 4 ports detected
Feb  8 15:11:07 fn-pound kernel: [    2.096441] i8042: PNP: PS/2 Controller [PNP0303:PS2K,PNP0f13:PS2M] at 0x60,0x64 irq 1,12
Feb  8 15:11:07 fn-pound kernel: [    2.096933] i8042: Warning: Keylock active
Feb  8 15:11:07 fn-pound kernel: [    2.098959] serio: i8042 KBD port at 0x60,0x64 irq 1
Feb  8 15:11:07 fn-pound kernel: [    2.098965] serio: i8042 AUX port at 0x60,0x64 irq 12
Feb  8 15:11:07 fn-pound kernel: [    2.099096] mousedev: PS/2 mouse device common for all mice
Feb  8 15:11:07 fn-pound kernel: [    2.099299] rtc_cmos 00:05: RTC can wake from S4
Feb  8 15:11:07 fn-pound kernel: [    2.099447] rtc_cmos 00:05: rtc core: registered rtc_cmos as rtc0
Feb  8 15:11:07 fn-pound kernel: [    2.099479] rtc_cmos 00:05: alarms up to one month, y3k, 242 bytes nvram, hpet irqs
Feb  8 15:11:07 fn-pound kernel: [    2.099557] device-mapper: uevent: version 1.0.3
Feb  8 15:11:07 fn-pound kernel: [    2.099635] device-mapper: ioctl: 4.27.0-ioctl (2013-10-30) initialised: dm-devel@redhat.com
Feb  8 15:11:07 fn-pound kernel: [    2.099642] ledtrig-cpu: registered to indicate activity on CPUs
Feb  8 15:11:07 fn-pound kernel: [    2.099747] TCP: cubic registered
Feb  8 15:11:07 fn-pound kernel: [    2.099840] NET: Registered protocol family 10
Feb  8 15:11:07 fn-pound kernel: [    2.100018] NET: Registered protocol family 17
Feb  8 15:11:07 fn-pound kernel: [    2.100027] Key type dns_resolver registered
Feb  8 15:11:07 fn-pound kernel: [    2.100295] Loading compiled-in X.509 certificates
Feb  8 15:11:07 fn-pound kernel: [    2.101385] Loaded X.509 cert 'Magrathea: Glacier signing key: 34992139f3da40b620bd5517597ba85af5797c9a'
Feb  8 15:11:07 fn-pound kernel: [    2.101398] registered taskstats version 1
Feb  8 15:11:07 fn-pound kernel: [    2.101444] input: AT Translated Set 2 keyboard as /devices/platform/i8042/serio0/input/input4
Feb  8 15:11:07 fn-pound kernel: [    2.104093] Key type trusted registered
Feb  8 15:11:07 fn-pound kernel: [    2.106058] Key type encrypted registered
Feb  8 15:11:07 fn-pound kernel: [    2.107931] AppArmor: AppArmor sha1 policy hashing enabled
Feb  8 15:11:07 fn-pound kernel: [    2.107935] IMA: No TPM chip found, activating TPM-bypass!
Feb  8 15:11:07 fn-pound kernel: [    2.108465] regulator-dummy: disabling
Feb  8 15:11:07 fn-pound kernel: [    2.108578]   Magic number: 3:314:194
Feb  8 15:11:07 fn-pound kernel: [    2.108694] rtc_cmos 00:05: setting system clock to 2015-02-08 20:10:57 UTC (1423426257)
Feb  8 15:11:07 fn-pound kernel: [    2.108828] BIOS EDD facility v0.16 2004-Jun-25, 0 devices found
Feb  8 15:11:07 fn-pound kernel: [    2.108830] EDD information not available.
Feb  8 15:11:07 fn-pound kernel: [    2.108889] PM: Hibernation image not present or could not be loaded.
Feb  8 15:11:07 fn-pound kernel: [    2.109888] Freeing unused kernel memory: 1336K (ffffffff81d20000 - ffffffff81e6e000)
Feb  8 15:11:07 fn-pound kernel: [    2.109890] Write protecting the kernel read-only data: 12288k
Feb  8 15:11:07 fn-pound kernel: [    2.112284] Freeing unused kernel memory: 796K (ffff880001739000 - ffff880001800000)
Feb  8 15:11:07 fn-pound kernel: [    2.114311] Freeing unused kernel memory: 688K (ffff880001b54000 - ffff880001c00000)
Feb  8 15:11:07 fn-pound kernel: [    2.128751] systemd-udevd[116]: starting version 204
Feb  8 15:11:07 fn-pound kernel: [    2.156720] wmi: Mapper loaded
Feb  8 15:11:07 fn-pound kernel: [    2.161397] ahci 0000:00:1f.2: version 3.0
Feb  8 15:11:07 fn-pound kernel: [    2.161513] pps_core: LinuxPPS API ver. 1 registered
Feb  8 15:11:07 fn-pound kernel: [    2.161517] pps_core: Software ver. 5.3.6 - Copyright 2005-2007 Rodolfo Giometti <giometti@linux.it>
Feb  8 15:11:07 fn-pound kernel: [    2.161621] ahci 0000:00:1f.2: irq 43 for MSI/MSI-X
Feb  8 15:11:07 fn-pound kernel: [    2.161667] ahci 0000:00:1f.2: SSS flag set, parallel bus scan disabled
Feb  8 15:11:07 fn-pound kernel: [    2.163844] PTP clock support registered
Feb  8 15:11:07 fn-pound kernel: [    2.173247] [drm] Initialized drm 1.1.0 20060810
Feb  8 15:11:07 fn-pound kernel: [    2.177031] ahci 0000:00:1f.2: AHCI 0001.0300 32 slots 6 ports 6 Gbps 0x11 impl RAID mode
Feb  8 15:11:07 fn-pound kernel: [    2.177038] ahci 0000:00:1f.2: flags: 64bit ncq stag pm led clo pio slum part ems sxs apst 
Feb  8 15:11:07 fn-pound kernel: [    2.177684] sdhci: Secure Digital Host Controller Interface driver
Feb  8 15:11:07 fn-pound kernel: [    2.177687] sdhci: Copyright(c) Pierre Ossman
Feb  8 15:11:07 fn-pound kernel: [    2.187793] sdhci-pci 0000:07:00.0: SDHCI controller found [1217:8221] (rev 5)
Feb  8 15:11:07 fn-pound kernel: [    2.200056] e1000e: Intel(R) PRO/1000 Network Driver - 2.3.2-k
Feb  8 15:11:07 fn-pound kernel: [    2.200060] e1000e: Copyright(c) 1999 - 2013 Intel Corporation.
Feb  8 15:11:07 fn-pound kernel: [    2.223181] sdhci-pci 0000:07:00.0: dummy supplies not allowed
Feb  8 15:11:07 fn-pound kernel: [    2.223185] mmc0: no vqmmc regulator found
Feb  8 15:11:07 fn-pound kernel: [    2.223187] sdhci-pci 0000:07:00.0: dummy supplies not allowed
Feb  8 15:11:07 fn-pound kernel: [    2.223188] mmc0: no vmmc regulator found
Feb  8 15:11:07 fn-pound kernel: [    2.223293] mmc0: SDHCI controller on PCI [0000:07:00.0] using DMA
Feb  8 15:11:07 fn-pound kernel: [    2.233460] scsi0 : ahci
Feb  8 15:11:07 fn-pound kernel: [    2.233649] scsi1 : ahci
Feb  8 15:11:07 fn-pound kernel: [    2.233820] scsi2 : ahci
